Fitter report for Synco
Fri May 13 16:15:46 2016
Quartus Prime Version 15.1.0 Build 185 10/21/2015 SJ Lite Edition


---------------------
; Table of Contents ;
---------------------
  1. Legal Notice
  2. Fitter Summary
  3. Fitter Settings
  4. Parallel Compilation
  5. Pin-Out File
  6. Fitter Resource Usage Summary
  7. Input Pins
  8. Output Pins
  9. Bidir Pins
 10. I/O Bank Usage
 11. All Package Pins
 12. Output Pin Default Load For Reported TCO
 13. Fitter Resource Utilization by Entity
 14. Delay Chain Summary
 15. Control Signals
 16. Global & Other Fast Signals
 17. Routing Usage Summary
 18. LAB Logic Elements
 19. LAB-wide Signals
 20. LAB Signals Sourced
 21. LAB Signals Sourced Out
 22. LAB Distinct Inputs
 23. Fitter Device Options
 24. Estimated Delay Added for Hold Timing Summary
 25. Estimated Delay Added for Hold Timing Details
 26. Fitter Messages
 27. Fitter Suppressed Messages



----------------
; Legal Notice ;
----------------
Copyright (C) 1991-2015 Altera Corporation. All rights reserved.
Your use of Altera Corporation's design tools, logic functions 
and other software and tools, and its AMPP partner logic 
functions, and any output files from any of the foregoing 
(including device programming or simulation files), and any 
associated documentation or information are expressly subject 
to the terms and conditions of the Altera Program License 
Subscription Agreement, the Altera Quartus Prime License Agreement,
the Altera MegaCore Function License Agreement, or other 
applicable license agreement, including, without limitation, 
that your use is for the sole purpose of programming logic 
devices manufactured by Altera and sold by Altera or its 
authorized distributors.  Please refer to the applicable 
agreement for further details.



+---------------------------------------------------------------------+
; Fitter Summary                                                      ;
+-----------------------+---------------------------------------------+
; Fitter Status         ; Successful - Fri May 13 16:15:46 2016       ;
; Quartus Prime Version ; 15.1.0 Build 185 10/21/2015 SJ Lite Edition ;
; Revision Name         ; Synco                                       ;
; Top-level Entity Name ; SyncBox                                     ;
; Family                ; MAX II                                      ;
; Device                ; EPM570T144C3                                ;
; Timing Models         ; Final                                       ;
; Total logic elements  ; 551 / 570 ( 97 % )                          ;
; Total pins            ; 74 / 116 ( 64 % )                           ;
; Total virtual pins    ; 0                                           ;
; UFM blocks            ; 0 / 1 ( 0 % )                               ;
+-----------------------+---------------------------------------------+


+----------------------------------------------------------------------------------------------------------------------------------------------+
; Fitter Settings                                                                                                                              ;
+----------------------------------------------------------------------------+--------------------------------+--------------------------------+
; Option                                                                     ; Setting                        ; Default Value                  ;
+----------------------------------------------------------------------------+--------------------------------+--------------------------------+
; Device                                                                     ; EPM570T144C3                   ;                                ;
; Maximum processors allowed for parallel compilation                        ; 3                              ; 1                              ;
; Minimum Core Junction Temperature                                          ; 0                              ;                                ;
; Maximum Core Junction Temperature                                          ; 85                             ;                                ;
; Fit Attempts to Skip                                                       ; 0                              ; 0.0                            ;
; Fitter Effort                                                              ; Standard Fit                   ; Auto Fit                       ;
; Use smart compilation                                                      ; Off                            ; Off                            ;
; Enable parallel Assembler and TimeQuest Timing Analyzer during compilation ; On                             ; On                             ;
; Enable compact report table                                                ; Off                            ; Off                            ;
; Router Timing Optimization Level                                           ; Normal                         ; Normal                         ;
; Placement Effort Multiplier                                                ; 1.0                            ; 1.0                            ;
; Router Effort Multiplier                                                   ; 1.0                            ; 1.0                            ;
; Always Enable Input Buffers                                                ; Off                            ; Off                            ;
; Optimize Hold Timing                                                       ; IO Paths and Minimum TPD Paths ; IO Paths and Minimum TPD Paths ;
; Optimize Multi-Corner Timing                                               ; Off                            ; Off                            ;
; Guarantee I/O Paths Have Zero Hold Time at Fast Corner                     ; On                             ; On                             ;
; PowerPlay Power Optimization During Fitting                                ; Normal compilation             ; Normal compilation             ;
; Optimize Timing                                                            ; Normal compilation             ; Normal compilation             ;
; Optimize Timing for ECOs                                                   ; Off                            ; Off                            ;
; Regenerate Full Fit Report During ECO Compiles                             ; Off                            ; Off                            ;
; Optimize IOC Register Placement for Timing                                 ; Normal                         ; Normal                         ;
; Limit to One Fitting Attempt                                               ; Off                            ; Off                            ;
; Final Placement Optimizations                                              ; Automatically                  ; Automatically                  ;
; Fitter Aggressive Routability Optimizations                                ; Automatically                  ; Automatically                  ;
; Fitter Initial Placement Seed                                              ; 1                              ; 1                              ;
; Periphery to Core Placement and Routing Optimization                       ; Off                            ; Off                            ;
; Slow Slew Rate                                                             ; Off                            ; Off                            ;
; PCI I/O                                                                    ; Off                            ; Off                            ;
; Weak Pull-Up Resistor                                                      ; Off                            ; Off                            ;
; Enable Bus-Hold Circuitry                                                  ; Off                            ; Off                            ;
; Auto Delay Chains                                                          ; On                             ; On                             ;
; Auto Delay Chains for High Fanout Input Pins                               ; Off                            ; Off                            ;
; Perform Physical Synthesis for Combinational Logic for Performance         ; Off                            ; Off                            ;
; Perform Register Duplication for Performance                               ; Off                            ; Off                            ;
; Perform Register Retiming for Performance                                  ; Off                            ; Off                            ;
; Perform Asynchronous Signal Pipelining                                     ; Off                            ; Off                            ;
; Physical Synthesis Effort Level                                            ; Normal                         ; Normal                         ;
; Logic Cell Insertion - Logic Duplication                                   ; Auto                           ; Auto                           ;
; Auto Register Duplication                                                  ; Auto                           ; Auto                           ;
; Auto Global Clock                                                          ; On                             ; On                             ;
; Auto Global Register Control Signals                                       ; On                             ; On                             ;
; Force Fitter to Avoid Periphery Placement Warnings                         ; Off                            ; Off                            ;
+----------------------------------------------------------------------------+--------------------------------+--------------------------------+


+------------------------------------------+
; Parallel Compilation                     ;
+----------------------------+-------------+
; Processors                 ; Number      ;
+----------------------------+-------------+
; Number detected on machine ; 4           ;
; Maximum allowed            ; 3           ;
;                            ;             ;
; Average used               ; 1.00        ;
; Maximum used               ; 3           ;
;                            ;             ;
; Usage by Processor         ; % Time Used ;
;     Processor 1            ; 100.0%      ;
;     Processors 2-3         ; < 0.1%      ;
+----------------------------+-------------+


+--------------+
; Pin-Out File ;
+--------------+
The pin-out file can be found in /home/mhasse/code/altera/synco/Synco.pin.


+---------------------------------------------------------------------+
; Fitter Resource Usage Summary                                       ;
+---------------------------------------------+-----------------------+
; Resource                                    ; Usage                 ;
+---------------------------------------------+-----------------------+
; Total logic elements                        ; 551 / 570 ( 97 % )    ;
;     -- Combinational with no register       ; 96                    ;
;     -- Register only                        ; 97                    ;
;     -- Combinational with a register        ; 358                   ;
;                                             ;                       ;
; Logic element usage by number of LUT inputs ;                       ;
;     -- 4 input functions                    ; 124                   ;
;     -- 3 input functions                    ; 81                    ;
;     -- 2 input functions                    ; 159                   ;
;     -- 1 input functions                    ; 88                    ;
;     -- 0 input functions                    ; 2                     ;
;                                             ;                       ;
; Logic elements by mode                      ;                       ;
;     -- normal mode                          ; 398                   ;
;     -- arithmetic mode                      ; 153                   ;
;     -- qfbk mode                            ; 26                    ;
;     -- register cascade mode                ; 0                     ;
;     -- synchronous clear/load mode          ; 217                   ;
;     -- asynchronous clear/load mode         ; 433                   ;
;                                             ;                       ;
; Total registers                             ; 455 / 570 ( 80 % )    ;
; Total LABs                                  ; 57 / 57 ( 100 % )     ;
; Logic elements in carry chains              ; 163                   ;
; Virtual pins                                ; 0                     ;
; I/O pins                                    ; 74 / 116 ( 64 % )     ;
;     -- Clock pins                           ; 2 / 4 ( 50 % )        ;
;                                             ;                       ;
; Global signals                              ; 4                     ;
; UFM blocks                                  ; 0 / 1 ( 0 % )         ;
;                                             ;                       ;
;     -- Total Fixed Point DSP Blocks         ; 0                     ;
;     -- Total Floating Point DSP Blocks      ; 0                     ;
;                                             ;                       ;
; Global clocks                               ; 4 / 4 ( 100 % )       ;
; JTAGs                                       ; 0 / 1 ( 0 % )         ;
; Average interconnect usage (total/H/V)      ; 33.4% / 37.6% / 29.1% ;
; Peak interconnect usage (total/H/V)         ; 33.4% / 37.6% / 29.1% ;
; Maximum fan-out                             ; 434                   ;
; Highest non-global fan-out                  ; 434                   ;
; Total fan-out                               ; 2937                  ;
; Average fan-out                             ; 4.70                  ;
+---------------------------------------------+-----------------------+


+-------------------------------------------------------------------------------------------------------------------------------------------------------------------------------------------------------------------------------------+
; Input Pins                                                                                                                                                                                                                          ;
+-------------+-------+----------+--------------+--------------+-------------+-----------------------+--------------------+--------+-----------------+----------+--------------+--------------+----------------------+----------------+
; Name        ; Pin # ; I/O Bank ; X coordinate ; Y coordinate ; Cell number ; Combinational Fan-Out ; Registered Fan-Out ; Global ; PCI I/O Enabled ; Bus Hold ; Weak Pull Up ; I/O Standard ; Location assigned by ; Slow Slew Rate ;
+-------------+-------+----------+--------------+--------------+-------------+-----------------------+--------------------+--------+-----------------+----------+--------------+--------------+----------------------+----------------+
; AuxIn[1]    ; 96    ; 2        ; 13           ; 5            ; 5           ; 1                     ; 0                  ; no     ; no              ; no       ; Off          ; 3.3-V LVTTL  ; User                 ; no             ;
; AuxIn[2]    ; 95    ; 2        ; 13           ; 4            ; 0           ; 1                     ; 0                  ; no     ; no              ; no       ; Off          ; 3.3-V LVTTL  ; User                 ; no             ;
; AuxIn[3]    ; 94    ; 2        ; 13           ; 4            ; 1           ; 1                     ; 0                  ; no     ; no              ; no       ; Off          ; 3.3-V LVTTL  ; User                 ; no             ;
; AuxIn[4]    ; 93    ; 2        ; 13           ; 4            ; 2           ; 1                     ; 0                  ; no     ; no              ; no       ; Off          ; 3.3-V LVTTL  ; User                 ; no             ;
; AuxIn[5]    ; 88    ; 2        ; 13           ; 4            ; 5           ; 1                     ; 0                  ; no     ; no              ; no       ; Off          ; 3.3-V LVTTL  ; User                 ; no             ;
; AuxIn[6]    ; 87    ; 2        ; 13           ; 3            ; 0           ; 1                     ; 0                  ; no     ; no              ; no       ; Off          ; 3.3-V LVTTL  ; User                 ; no             ;
; AuxIn[7]    ; 86    ; 2        ; 13           ; 3            ; 1           ; 1                     ; 0                  ; no     ; no              ; no       ; Off          ; 3.3-V LVTTL  ; User                 ; no             ;
; AuxIn[8]    ; 85    ; 2        ; 13           ; 3            ; 2           ; 1                     ; 0                  ; no     ; no              ; no       ; Off          ; 3.3-V LVTTL  ; User                 ; no             ;
; CLK_EXT     ; 18    ; 1        ; 0            ; 5            ; 0           ; 0                     ; 0                  ; no     ; no              ; no       ; Off          ; 3.3-V LVTTL  ; User                 ; no             ;
; Clk100M     ; 20    ; 1        ; 0            ; 5            ; 1           ; 15                    ; 0                  ; yes    ; no              ; no       ; Off          ; 3.3-V LVTTL  ; User                 ; no             ;
; DV_RTS      ; 134   ; 2        ; 6            ; 8            ; 3           ; 2                     ; 0                  ; no     ; no              ; no       ; Off          ; 3.3-V LVTTL  ; User                 ; no             ;
; PIO_ADR[0]  ; 144   ; 2        ; 2            ; 8            ; 1           ; 1                     ; 0                  ; no     ; no              ; no       ; Off          ; 3.3-V LVTTL  ; User                 ; no             ;
; PIO_ADR[1]  ; 143   ; 2        ; 3            ; 8            ; 3           ; 1                     ; 0                  ; no     ; no              ; no       ; Off          ; 3.3-V LVTTL  ; User                 ; no             ;
; PIO_ADR[2]  ; 142   ; 2        ; 3            ; 8            ; 0           ; 1                     ; 0                  ; no     ; no              ; no       ; Off          ; 3.3-V LVTTL  ; User                 ; no             ;
; PIO_ADR[3]  ; 141   ; 2        ; 4            ; 8            ; 2           ; 1                     ; 0                  ; no     ; no              ; no       ; Off          ; 3.3-V LVTTL  ; User                 ; no             ;
; PIO_ADR[4]  ; 140   ; 2        ; 4            ; 8            ; 1           ; 1                     ; 0                  ; no     ; no              ; no       ; Off          ; 3.3-V LVTTL  ; User                 ; no             ;
; PIO_ADR[5]  ; 139   ; 2        ; 5            ; 8            ; 2           ; 1                     ; 0                  ; no     ; no              ; no       ; Off          ; 3.3-V LVTTL  ; User                 ; no             ;
; PIO_ADR[6]  ; 138   ; 2        ; 5            ; 8            ; 1           ; 1                     ; 0                  ; no     ; no              ; no       ; Off          ; 3.3-V LVTTL  ; User                 ; no             ;
; PIO_ADR[7]  ; 137   ; 2        ; 5            ; 8            ; 0           ; 1                     ; 0                  ; no     ; no              ; no       ; Off          ; 3.3-V LVTTL  ; User                 ; no             ;
; PIO_ALE     ; 15    ; 1        ; 0            ; 6            ; 5           ; 0                     ; 0                  ; no     ; no              ; no       ; Off          ; 3.3-V LVTTL  ; User                 ; no             ;
; PIO_Reset   ; 11    ; 1        ; 0            ; 6            ; 1           ; 434                   ; 0                  ; no     ; no              ; no       ; Off          ; 3.3-V LVTTL  ; User                 ; no             ;
; PIO_nEnable ; 12    ; 1        ; 0            ; 6            ; 2           ; 128                   ; 0                  ; no     ; no              ; no       ; Off          ; 3.3-V LVTTL  ; User                 ; no             ;
; PIO_nRD     ; 14    ; 1        ; 0            ; 6            ; 4           ; 1                     ; 0                  ; no     ; no              ; no       ; Off          ; 3.3-V LVTTL  ; User                 ; no             ;
; PIO_nWR     ; 13    ; 1        ; 0            ; 6            ; 3           ; 44                    ; 0                  ; yes    ; no              ; no       ; Off          ; 3.3-V LVTTL  ; User                 ; no             ;
; nPSEN       ; 28    ; 1        ; 0            ; 4            ; 2           ; 0                     ; 0                  ; no     ; no              ; no       ; Off          ; 3.3-V LVTTL  ; User                 ; no             ;
; nRST        ; 61    ; 1        ; 8            ; 3            ; 2           ; 0                     ; 0                  ; no     ; no              ; no       ; Off          ; 3.3-V LVTTL  ; User                 ; no             ;
+-------------+-------+----------+--------------+--------------+-------------+-----------------------+--------------------+--------+-----------------+----------+--------------+--------------+----------------------+----------------+


+----------------------------------------------------------------------------------------------------------------------------------------------------------------------------------------------------------------------------------------------------------------------------------------------------------------------------------+
; Output Pins                                                                                                                                                                                                                                                                                                                      ;
+----------------+-------+----------+--------------+--------------+-------------+-----------------+----------------+-----------------+------------+---------------+----------+--------------+--------------+------------------+------------------------+----------------------+-------+----------------------+---------------------+
; Name           ; Pin # ; I/O Bank ; X coordinate ; Y coordinate ; Cell number ; Output Register ; Slow Slew Rate ; PCI I/O Enabled ; Open Drain ; TRI Primitive ; Bus Hold ; Weak Pull Up ; I/O Standard ; Current Strength ; Fast Output Connection ; Location assigned by ; Load  ; Output Enable Source ; Output Enable Group ;
+----------------+-------+----------+--------------+--------------+-------------+-----------------+----------------+-----------------+------------+---------------+----------+--------------+--------------+------------------+------------------------+----------------------+-------+----------------------+---------------------+
; AuxOut[1]      ; 108   ; 2        ; 13           ; 7            ; 1           ; no              ; no             ; no              ; no         ; no            ; no       ; Off          ; 3.3-V LVTTL  ; 16mA             ; no                     ; User                 ; 10 pF ; -                    ; -                   ;
; AuxOut[2]      ; 107   ; 2        ; 13           ; 7            ; 3           ; no              ; no             ; no              ; no         ; no            ; no       ; Off          ; 3.3-V LVTTL  ; 16mA             ; no                     ; User                 ; 10 pF ; -                    ; -                   ;
; AuxOut[3]      ; 106   ; 2        ; 13           ; 7            ; 5           ; no              ; no             ; no              ; no         ; no            ; no       ; Off          ; 3.3-V LVTTL  ; 16mA             ; no                     ; User                 ; 10 pF ; -                    ; -                   ;
; AuxOut[4]      ; 105   ; 2        ; 13           ; 6            ; 1           ; no              ; no             ; no              ; no         ; no            ; no       ; Off          ; 3.3-V LVTTL  ; 16mA             ; no                     ; User                 ; 10 pF ; -                    ; -                   ;
; AuxOut[5]      ; 104   ; 2        ; 13           ; 6            ; 2           ; no              ; no             ; no              ; no         ; no            ; no       ; Off          ; 3.3-V LVTTL  ; 16mA             ; no                     ; User                 ; 10 pF ; -                    ; -                   ;
; AuxOut[6]      ; 103   ; 2        ; 13           ; 6            ; 5           ; no              ; no             ; no              ; no         ; no            ; no       ; Off          ; 3.3-V LVTTL  ; 16mA             ; no                     ; User                 ; 10 pF ; -                    ; -                   ;
; AuxOut[7]      ; 102   ; 2        ; 13           ; 5            ; 0           ; no              ; no             ; no              ; no         ; no            ; no       ; Off          ; 3.3-V LVTTL  ; 16mA             ; no                     ; User                 ; 10 pF ; -                    ; -                   ;
; AuxOut[8]      ; 101   ; 2        ; 13           ; 5            ; 2           ; no              ; no             ; no              ; no         ; no            ; no       ; Off          ; 3.3-V LVTTL  ; 16mA             ; no                     ; User                 ; 10 pF ; -                    ; -                   ;
; DV_Error_o     ; 120   ; 2        ; 9            ; 8            ; 2           ; no              ; no             ; no              ; no         ; no            ; no       ; Off          ; 3.3-V LVTTL  ; 16mA             ; no                     ; User                 ; 10 pF ; -                    ; -                   ;
; DV_OUT_FTS     ; 112   ; 2        ; 11           ; 8            ; 1           ; no              ; no             ; no              ; no         ; no            ; no       ; Off          ; 3.3-V LVTTL  ; 16mA             ; no                     ; User                 ; 10 pF ; -                    ; -                   ;
; DV_OUT_POL     ; 111   ; 2        ; 12           ; 8            ; 3           ; no              ; no             ; no              ; no         ; no            ; no       ; Off          ; 3.3-V LVTTL  ; 16mA             ; no                     ; User                 ; 10 pF ; -                    ; -                   ;
; DV_OUT_SPR1    ; 110   ; 2        ; 12           ; 8            ; 2           ; no              ; no             ; no              ; no         ; no            ; no       ; Off          ; 3.3-V LVTTL  ; 16mA             ; no                     ; User                 ; 10 pF ; -                    ; -                   ;
; DV_OUT_SPR2    ; 109   ; 2        ; 12           ; 8            ; 1           ; no              ; no             ; no              ; no         ; no            ; no       ; Off          ; 3.3-V LVTTL  ; 16mA             ; yes                    ; User                 ; 10 pF ; -                    ; -                   ;
; FR_Mode        ; 119   ; 2        ; 9            ; 8            ; 1           ; no              ; no             ; no              ; no         ; no            ; no       ; Off          ; 3.3-V LVTTL  ; 16mA             ; no                     ; User                 ; 10 pF ; -                    ; -                   ;
; LED2           ; 118   ; 2        ; 9            ; 8            ; 0           ; no              ; no             ; no              ; no         ; no            ; no       ; Off          ; 3.3-V LVTTL  ; 16mA             ; no                     ; User                 ; 10 pF ; -                    ; -                   ;
; LED3           ; 117   ; 2        ; 10           ; 8            ; 3           ; no              ; no             ; no              ; no         ; no            ; no       ; Off          ; 3.3-V LVTTL  ; 16mA             ; no                     ; User                 ; 10 pF ; -                    ; -                   ;
; ManchOut1      ; 67    ; 1        ; 10           ; 0            ; 1           ; no              ; no             ; no              ; no         ; no            ; no       ; Off          ; 3.3-V LVTTL  ; 16mA             ; no                     ; User                 ; 10 pF ; -                    ; -                   ;
; ManchOut2      ; 66    ; 1        ; 10           ; 0            ; 2           ; no              ; no             ; no              ; no         ; no            ; no       ; Off          ; 3.3-V LVTTL  ; 16mA             ; yes                    ; User                 ; 10 pF ; -                    ; -                   ;
; Manch_Clk      ; 69    ; 1        ; 11           ; 0            ; 2           ; no              ; no             ; no              ; no         ; no            ; no       ; Off          ; 3.3-V LVTTL  ; 16mA             ; no                     ; User                 ; 10 pF ; -                    ; -                   ;
; Manch_NRZ      ; 70    ; 1        ; 11           ; 0            ; 1           ; no              ; no             ; no              ; no         ; no            ; no       ; Off          ; 3.3-V LVTTL  ; 16mA             ; no                     ; User                 ; 10 pF ; -                    ; -                   ;
; PIO_INT0       ; 32    ; 1        ; 1            ; 3            ; 1           ; no              ; no             ; no              ; yes        ; no            ; no       ; Off          ; 3.3-V LVTTL  ; 16mA             ; no                     ; User                 ; 10 pF ; -                    ; -                   ;
; PIO_INT1       ; 31    ; 1        ; 1            ; 3            ; 3           ; no              ; no             ; no              ; yes        ; no            ; no       ; Off          ; 3.3-V LVTTL  ; 16mA             ; no                     ; User                 ; 10 pF ; -                    ; -                   ;
; PIO_T0         ; 30    ; 1        ; 0            ; 4            ; 5           ; no              ; no             ; no              ; yes        ; no            ; no       ; Off          ; 3.3-V LVTTL  ; 16mA             ; no                     ; User                 ; 10 pF ; -                    ; -                   ;
; PIO_T1         ; 29    ; 1        ; 0            ; 4            ; 3           ; no              ; no             ; no              ; yes        ; no            ; no       ; Off          ; 3.3-V LVTTL  ; 16mA             ; no                     ; User                 ; 10 pF ; -                    ; -                   ;
; TP_DV_Delayed  ; 38    ; 1        ; 2            ; 3            ; 2           ; no              ; no             ; no              ; no         ; no            ; no       ; Off          ; 3.3-V LVTTL  ; 16mA             ; no                     ; User                 ; 10 pF ; -                    ; -                   ;
; TP_DV_FreeRun  ; 37    ; 1        ; 2            ; 3            ; 3           ; no              ; no             ; no              ; no         ; no            ; no       ; Off          ; 3.3-V LVTTL  ; 16mA             ; no                     ; User                 ; 10 pF ; -                    ; -                   ;
; TP_SMA         ; 72    ; 1        ; 12           ; 0            ; 0           ; no              ; no             ; no              ; no         ; no            ; no       ; Off          ; 3.3-V LVTTL  ; 16mA             ; no                     ; User                 ; 10 pF ; -                    ; -                   ;
; TP_isAddr_Zero ; 39    ; 1        ; 2            ; 3            ; 0           ; no              ; no             ; no              ; no         ; no            ; no       ; Off          ; 3.3-V LVTTL  ; 16mA             ; no                     ; User                 ; 10 pF ; -                    ; -                   ;
; TestOut1[1]    ; 84    ; 2        ; 13           ; 3            ; 3           ; no              ; no             ; no              ; no         ; no            ; no       ; Off          ; 3.3-V LVTTL  ; 16mA             ; no                     ; User                 ; 10 pF ; -                    ; -                   ;
; TestOut1[2]    ; 81    ; 2        ; 13           ; 3            ; 5           ; no              ; no             ; no              ; no         ; no            ; no       ; Off          ; 3.3-V LVTTL  ; 16mA             ; no                     ; User                 ; 10 pF ; -                    ; -                   ;
; TestOut1[3]    ; 80    ; 2        ; 13           ; 2            ; 0           ; no              ; no             ; no              ; no         ; no            ; no       ; Off          ; 3.3-V LVTTL  ; 16mA             ; no                     ; User                 ; 10 pF ; -                    ; -                   ;
; TestOut1[4]    ; 79    ; 2        ; 13           ; 2            ; 1           ; no              ; no             ; no              ; no         ; no            ; no       ; Off          ; 3.3-V LVTTL  ; 16mA             ; no                     ; User                 ; 10 pF ; -                    ; -                   ;
; TestOut1[5]    ; 78    ; 2        ; 13           ; 2            ; 2           ; no              ; no             ; no              ; no         ; no            ; no       ; Off          ; 3.3-V LVTTL  ; 16mA             ; no                     ; User                 ; 10 pF ; -                    ; -                   ;
; TestOut1[6]    ; 77    ; 2        ; 13           ; 2            ; 4           ; no              ; no             ; no              ; no         ; no            ; no       ; Off          ; 3.3-V LVTTL  ; 16mA             ; no                     ; User                 ; 10 pF ; -                    ; -                   ;
; TestOut1[7]    ; 76    ; 2        ; 13           ; 1            ; 1           ; no              ; no             ; no              ; no         ; no            ; no       ; Off          ; 3.3-V LVTTL  ; 16mA             ; no                     ; User                 ; 10 pF ; -                    ; -                   ;
; TestOut1[8]    ; 75    ; 2        ; 13           ; 1            ; 3           ; no              ; no             ; no              ; no         ; no            ; no       ; Off          ; 3.3-V LVTTL  ; 16mA             ; no                     ; User                 ; 10 pF ; -                    ; -                   ;
; XX1            ; 122   ; 2        ; 8            ; 8            ; 1           ; no              ; no             ; no              ; no         ; no            ; no       ; Off          ; 3.3-V LVTTL  ; 16mA             ; no                     ; User                 ; 10 pF ; -                    ; -                   ;
; XX2            ; 123   ; 2        ; 8            ; 8            ; 2           ; no              ; no             ; no              ; no         ; no            ; no       ; Off          ; 3.3-V LVTTL  ; 16mA             ; no                     ; User                 ; 10 pF ; -                    ; -                   ;
; XX3            ; 124   ; 2        ; 8            ; 8            ; 3           ; no              ; no             ; no              ; no         ; no            ; no       ; Off          ; 3.3-V LVTTL  ; 16mA             ; no                     ; User                 ; 10 pF ; -                    ; -                   ;
; XX4            ; 125   ; 2        ; 7            ; 8            ; 0           ; no              ; no             ; no              ; no         ; no            ; no       ; Off          ; 3.3-V LVTTL  ; 16mA             ; no                     ; User                 ; 10 pF ; -                    ; -                   ;
+----------------+-------+----------+--------------+--------------+-------------+-----------------+----------------+-----------------+------------+---------------+----------+--------------+--------------+------------------+------------------------+----------------------+-------+----------------------+---------------------+


+----------------------------------------------------------------------------------------------------------------------------------------------------------------------------------------------------------------------------------------------------------------------------------------------------------------------------------------------------------------------------+
; Bidir Pins                                                                                                                                                                                                                                                                                                                                                                 ;
+------------+-------+----------+--------------+--------------+-------------+-----------------------+--------------------+--------+-----------------+----------------+-----------------+------------+----------+--------------+--------------+------------------+------------------------+----------------------+-------+------------------------------+---------------------+
; Name       ; Pin # ; I/O Bank ; X coordinate ; Y coordinate ; Cell number ; Combinational Fan-Out ; Registered Fan-Out ; Global ; Output Register ; Slow Slew Rate ; PCI I/O Enabled ; Open Drain ; Bus Hold ; Weak Pull Up ; I/O Standard ; Current Strength ; Fast Output Connection ; Location assigned by ; Load  ; Output Enable Source         ; Output Enable Group ;
+------------+-------+----------+--------------+--------------+-------------+-----------------------+--------------------+--------+-----------------+----------------+-----------------+------------+----------+--------------+--------------+------------------+------------------------+----------------------+-------+------------------------------+---------------------+
; PIO_DAT[0] ; 1     ; 1        ; 2            ; 8            ; 3           ; 9                     ; 0                  ; no     ; no              ; no             ; no              ; no         ; no       ; Off          ; 3.3-V LVTTL  ; 16mA             ; no                     ; User                 ; 10 pF ; PIO_Interface:pio|AuxInGet~1 ; -                   ;
; PIO_DAT[1] ; 2     ; 1        ; 1            ; 8            ; 0           ; 10                    ; 0                  ; no     ; no              ; no             ; no              ; no         ; no       ; Off          ; 3.3-V LVTTL  ; 16mA             ; no                     ; User                 ; 10 pF ; PIO_Interface:pio|AuxInGet~1 ; -                   ;
; PIO_DAT[2] ; 3     ; 1        ; 1            ; 8            ; 2           ; 12                    ; 0                  ; no     ; no              ; no             ; no              ; no         ; no       ; Off          ; 3.3-V LVTTL  ; 16mA             ; no                     ; User                 ; 10 pF ; PIO_Interface:pio|AuxInGet~1 ; -                   ;
; PIO_DAT[3] ; 4     ; 1        ; 0            ; 7            ; 0           ; 6                     ; 0                  ; no     ; no              ; no             ; no              ; no         ; no       ; Off          ; 3.3-V LVTTL  ; 16mA             ; no                     ; User                 ; 10 pF ; PIO_Interface:pio|AuxInGet~1 ; -                   ;
; PIO_DAT[4] ; 5     ; 1        ; 0            ; 7            ; 2           ; 6                     ; 0                  ; no     ; no              ; no             ; no              ; no         ; no       ; Off          ; 3.3-V LVTTL  ; 16mA             ; no                     ; User                 ; 10 pF ; PIO_Interface:pio|AuxInGet~1 ; -                   ;
; PIO_DAT[5] ; 6     ; 1        ; 0            ; 7            ; 3           ; 6                     ; 0                  ; no     ; no              ; no             ; no              ; no         ; no       ; Off          ; 3.3-V LVTTL  ; 16mA             ; no                     ; User                 ; 10 pF ; PIO_Interface:pio|AuxInGet~1 ; -                   ;
; PIO_DAT[6] ; 7     ; 1        ; 0            ; 7            ; 4           ; 6                     ; 0                  ; no     ; no              ; no             ; no              ; no         ; no       ; Off          ; 3.3-V LVTTL  ; 16mA             ; no                     ; User                 ; 10 pF ; PIO_Interface:pio|AuxInGet~1 ; -                   ;
; PIO_DAT[7] ; 8     ; 1        ; 0            ; 7            ; 5           ; 6                     ; 0                  ; no     ; no              ; no             ; no              ; no         ; no       ; Off          ; 3.3-V LVTTL  ; 16mA             ; no                     ; User                 ; 10 pF ; PIO_Interface:pio|AuxInGet~1 ; -                   ;
+------------+-------+----------+--------------+--------------+-------------+-----------------------+--------------------+--------+-----------------+----------------+-----------------+------------+----------+--------------+--------------+------------------+------------------------+----------------------+-------+------------------------------+---------------------+


+------------------------------------------------------------+
; I/O Bank Usage                                             ;
+----------+------------------+---------------+--------------+
; I/O Bank ; Usage            ; VCCIO Voltage ; VREF Voltage ;
+----------+------------------+---------------+--------------+
; 1        ; 29 / 56 ( 52 % ) ; 3.3V          ; --           ;
; 2        ; 45 / 60 ( 75 % ) ; 3.3V          ; --           ;
+----------+------------------+---------------+--------------+


+------------------------------------------------------------------------------------------------------------------------------------------------+
; All Package Pins                                                                                                                               ;
+----------+------------+----------+----------------+--------+--------------+-----------+------------+-----------------+----------+--------------+
; Location ; Pad Number ; I/O Bank ; Pin Name/Usage ; Dir.   ; I/O Standard ; Voltage   ; I/O Type   ; User Assignment ; Bus Hold ; Weak Pull Up ;
+----------+------------+----------+----------------+--------+--------------+-----------+------------+-----------------+----------+--------------+
; 1        ; 1          ; 1        ; PIO_DAT[0]     ; bidir  ; 3.3-V LVTTL  ;           ; Column I/O ; Y               ; no       ; Off          ;
; 2        ; 2          ; 1        ; PIO_DAT[1]     ; bidir  ; 3.3-V LVTTL  ;           ; Column I/O ; Y               ; no       ; Off          ;
; 3        ; 4          ; 1        ; PIO_DAT[2]     ; bidir  ; 3.3-V LVTTL  ;           ; Column I/O ; Y               ; no       ; Off          ;
; 4        ; 6          ; 1        ; PIO_DAT[3]     ; bidir  ; 3.3-V LVTTL  ;           ; Row I/O    ; Y               ; no       ; Off          ;
; 5        ; 8          ; 1        ; PIO_DAT[4]     ; bidir  ; 3.3-V LVTTL  ;           ; Row I/O    ; Y               ; no       ; Off          ;
; 6        ; 9          ; 1        ; PIO_DAT[5]     ; bidir  ; 3.3-V LVTTL  ;           ; Row I/O    ; Y               ; no       ; Off          ;
; 7        ; 10         ; 1        ; PIO_DAT[6]     ; bidir  ; 3.3-V LVTTL  ;           ; Row I/O    ; Y               ; no       ; Off          ;
; 8        ; 11         ; 1        ; PIO_DAT[7]     ; bidir  ; 3.3-V LVTTL  ;           ; Row I/O    ; Y               ; no       ; Off          ;
; 9        ;            ; 1        ; VCCIO1         ; power  ;              ; 3.3V      ; --         ;                 ; --       ; --           ;
; 10       ;            ;          ; GNDIO          ; gnd    ;              ;           ; --         ;                 ; --       ; --           ;
; 11       ; 14         ; 1        ; PIO_Reset      ; input  ; 3.3-V LVTTL  ;           ; Row I/O    ; Y               ; no       ; Off          ;
; 12       ; 15         ; 1        ; PIO_nEnable    ; input  ; 3.3-V LVTTL  ;           ; Row I/O    ; Y               ; no       ; Off          ;
; 13       ; 16         ; 1        ; PIO_nWR        ; input  ; 3.3-V LVTTL  ;           ; Row I/O    ; Y               ; no       ; Off          ;
; 14       ; 17         ; 1        ; PIO_nRD        ; input  ; 3.3-V LVTTL  ;           ; Row I/O    ; Y               ; no       ; Off          ;
; 15       ; 18         ; 1        ; PIO_ALE        ; input  ; 3.3-V LVTTL  ;           ; Row I/O    ; Y               ; no       ; Off          ;
; 16       ; 19         ; 1        ; GND*           ;        ;              ;           ; Row I/O    ;                 ; no       ; Off          ;
; 17       ;            ;          ; GNDINT         ; gnd    ;              ;           ; --         ;                 ; --       ; --           ;
; 18       ; 20         ; 1        ; CLK_EXT        ; input  ; 3.3-V LVTTL  ;           ; Row I/O    ; Y               ; no       ; Off          ;
; 19       ;            ;          ; VCCINT         ; power  ;              ; 2.5V/3.3V ; --         ;                 ; --       ; --           ;
; 20       ; 21         ; 1        ; Clk100M        ; input  ; 3.3-V LVTTL  ;           ; Row I/O    ; Y               ; no       ; Off          ;
; 21       ; 22         ; 1        ; GND*           ;        ;              ;           ; Row I/O    ;                 ; no       ; Off          ;
; 22       ; 23         ; 1        ; GND*           ;        ;              ;           ; Row I/O    ;                 ; no       ; Off          ;
; 23       ; 24         ; 1        ; GND*           ;        ;              ;           ; Row I/O    ;                 ; no       ; Off          ;
; 24       ; 25         ; 1        ; GND*           ;        ;              ;           ; Row I/O    ;                 ; no       ; Off          ;
; 25       ;            ; 1        ; VCCIO1         ; power  ;              ; 3.3V      ; --         ;                 ; --       ; --           ;
; 26       ;            ;          ; GNDIO          ; gnd    ;              ;           ; --         ;                 ; --       ; --           ;
; 27       ; 27         ; 1        ; GND*           ;        ;              ;           ; Row I/O    ;                 ; no       ; Off          ;
; 28       ; 29         ; 1        ; nPSEN          ; input  ; 3.3-V LVTTL  ;           ; Row I/O    ; Y               ; no       ; Off          ;
; 29       ; 30         ; 1        ; PIO_T1         ; output ; 3.3-V LVTTL  ;           ; Row I/O    ; Y               ; no       ; Off          ;
; 30       ; 32         ; 1        ; PIO_T0         ; output ; 3.3-V LVTTL  ;           ; Row I/O    ; Y               ; no       ; Off          ;
; 31       ; 34         ; 1        ; PIO_INT1       ; output ; 3.3-V LVTTL  ;           ; Column I/O ; Y               ; no       ; Off          ;
; 32       ; 36         ; 1        ; PIO_INT0       ; output ; 3.3-V LVTTL  ;           ; Column I/O ; Y               ; no       ; Off          ;
; 33       ; 38         ; 1        ; #TMS           ; input  ;              ;           ; --         ;                 ; --       ; --           ;
; 34       ; 39         ; 1        ; #TDI           ; input  ;              ;           ; --         ;                 ; --       ; --           ;
; 35       ; 40         ; 1        ; #TCK           ; input  ;              ;           ; --         ;                 ; --       ; --           ;
; 36       ; 41         ; 1        ; #TDO           ; output ;              ;           ; --         ;                 ; --       ; --           ;
; 37       ; 42         ; 1        ; TP_DV_FreeRun  ; output ; 3.3-V LVTTL  ;           ; Column I/O ; Y               ; no       ; Off          ;
; 38       ; 43         ; 1        ; TP_DV_Delayed  ; output ; 3.3-V LVTTL  ;           ; Column I/O ; Y               ; no       ; Off          ;
; 39       ; 45         ; 1        ; TP_isAddr_Zero ; output ; 3.3-V LVTTL  ;           ; Column I/O ; Y               ; no       ; Off          ;
; 40       ; 47         ; 1        ; GND*           ;        ;              ;           ; Column I/O ;                 ; no       ; Off          ;
; 41       ; 48         ; 1        ; GND*           ;        ;              ;           ; Column I/O ;                 ; no       ; Off          ;
; 42       ; 50         ; 1        ; GND*           ;        ;              ;           ; Column I/O ;                 ; no       ; Off          ;
; 43       ; 51         ; 1        ; GND*           ;        ;              ;           ; Column I/O ;                 ; no       ; Off          ;
; 44       ; 52         ; 1        ; GND*           ;        ;              ;           ; Column I/O ;                 ; no       ; Off          ;
; 45       ; 55         ; 1        ; GND*           ;        ;              ;           ; Column I/O ;                 ; no       ; Off          ;
; 46       ;            ; 1        ; VCCIO1         ; power  ;              ; 3.3V      ; --         ;                 ; --       ; --           ;
; 47       ;            ;          ; GNDIO          ; gnd    ;              ;           ; --         ;                 ; --       ; --           ;
; 48       ; 56         ; 1        ; GND*           ;        ;              ;           ; Column I/O ;                 ; no       ; Off          ;
; 49       ; 57         ; 1        ; GND*           ;        ;              ;           ; Column I/O ;                 ; no       ; Off          ;
; 50       ; 58         ; 1        ; GND*           ;        ;              ;           ; Column I/O ;                 ; no       ; Off          ;
; 51       ; 59         ; 1        ; GND*           ;        ;              ;           ; Column I/O ;                 ; no       ; Off          ;
; 52       ; 60         ; 1        ; GND*           ;        ;              ;           ; Column I/O ;                 ; no       ; Off          ;
; 53       ; 61         ; 1        ; GND*           ;        ;              ;           ; Column I/O ;                 ; no       ; Off          ;
; 54       ;            ;          ; GNDINT         ; gnd    ;              ;           ; --         ;                 ; --       ; --           ;
; 55       ; 62         ; 1        ; GND*           ;        ;              ;           ; Column I/O ;                 ; no       ; Off          ;
; 56       ;            ;          ; VCCINT         ; power  ;              ; 2.5V/3.3V ; --         ;                 ; --       ; --           ;
; 57       ; 63         ; 1        ; GND*           ;        ;              ;           ; Column I/O ;                 ; no       ; Off          ;
; 58       ; 64         ; 1        ; GND*           ;        ;              ;           ; Column I/O ;                 ; no       ; Off          ;
; 59       ; 65         ; 1        ; GND*           ;        ;              ;           ; Column I/O ;                 ; no       ; Off          ;
; 60       ; 66         ; 1        ; GND*           ;        ;              ;           ; Column I/O ;                 ; no       ; Off          ;
; 61       ; 67         ; 1        ; nRST           ; input  ; 3.3-V LVTTL  ;           ; Column I/O ; Y               ; no       ; Off          ;
; 62       ; 68         ; 1        ; GND*           ;        ;              ;           ; Column I/O ;                 ; no       ; Off          ;
; 63       ; 69         ; 1        ; GND*           ;        ;              ;           ; Column I/O ;                 ; no       ; Off          ;
; 64       ;            ; 1        ; VCCIO1         ; power  ;              ; 3.3V      ; --         ;                 ; --       ; --           ;
; 65       ;            ;          ; GNDIO          ; gnd    ;              ;           ; --         ;                 ; --       ; --           ;
; 66       ; 71         ; 1        ; ManchOut2      ; output ; 3.3-V LVTTL  ;           ; Column I/O ; Y               ; no       ; Off          ;
; 67       ; 72         ; 1        ; ManchOut1      ; output ; 3.3-V LVTTL  ;           ; Column I/O ; Y               ; no       ; Off          ;
; 68       ; 73         ; 1        ; GND*           ;        ;              ;           ; Column I/O ;                 ; no       ; Off          ;
; 69       ; 75         ; 1        ; Manch_Clk      ; output ; 3.3-V LVTTL  ;           ; Column I/O ; Y               ; no       ; Off          ;
; 70       ; 76         ; 1        ; Manch_NRZ      ; output ; 3.3-V LVTTL  ;           ; Column I/O ; Y               ; no       ; Off          ;
; 71       ; 79         ; 1        ; GND*           ;        ;              ;           ; Column I/O ;                 ; no       ; Off          ;
; 72       ; 81         ; 1        ; TP_SMA         ; output ; 3.3-V LVTTL  ;           ; Column I/O ; Y               ; no       ; Off          ;
; 73       ; 82         ; 2        ; GND*           ;        ;              ;           ; Row I/O    ;                 ; no       ; Off          ;
; 74       ; 83         ; 2        ; GND*           ;        ;              ;           ; Row I/O    ;                 ; no       ; Off          ;
; 75       ; 84         ; 2        ; TestOut1[8]    ; output ; 3.3-V LVTTL  ;           ; Row I/O    ; Y               ; no       ; Off          ;
; 76       ; 86         ; 2        ; TestOut1[7]    ; output ; 3.3-V LVTTL  ;           ; Row I/O    ; Y               ; no       ; Off          ;
; 77       ; 89         ; 2        ; TestOut1[6]    ; output ; 3.3-V LVTTL  ;           ; Row I/O    ; Y               ; no       ; Off          ;
; 78       ; 91         ; 2        ; TestOut1[5]    ; output ; 3.3-V LVTTL  ;           ; Row I/O    ; Y               ; no       ; Off          ;
; 79       ; 92         ; 2        ; TestOut1[4]    ; output ; 3.3-V LVTTL  ;           ; Row I/O    ; Y               ; no       ; Off          ;
; 80       ; 93         ; 2        ; TestOut1[3]    ; output ; 3.3-V LVTTL  ;           ; Row I/O    ; Y               ; no       ; Off          ;
; 81       ; 94         ; 2        ; TestOut1[2]    ; output ; 3.3-V LVTTL  ;           ; Row I/O    ; Y               ; no       ; Off          ;
; 82       ;            ; 2        ; VCCIO2         ; power  ;              ; 3.3V      ; --         ;                 ; --       ; --           ;
; 83       ;            ;          ; GNDIO          ; gnd    ;              ;           ; --         ;                 ; --       ; --           ;
; 84       ; 96         ; 2        ; TestOut1[1]    ; output ; 3.3-V LVTTL  ;           ; Row I/O    ; Y               ; no       ; Off          ;
; 85       ; 97         ; 2        ; AuxIn[8]       ; input  ; 3.3-V LVTTL  ;           ; Row I/O    ; Y               ; no       ; Off          ;
; 86       ; 98         ; 2        ; AuxIn[7]       ; input  ; 3.3-V LVTTL  ;           ; Row I/O    ; Y               ; no       ; Off          ;
; 87       ; 99         ; 2        ; AuxIn[6]       ; input  ; 3.3-V LVTTL  ;           ; Row I/O    ; Y               ; no       ; Off          ;
; 88       ; 100        ; 2        ; AuxIn[5]       ; input  ; 3.3-V LVTTL  ;           ; Row I/O    ; Y               ; no       ; Off          ;
; 89       ; 101        ; 2        ; GND*           ;        ;              ;           ; Row I/O    ;                 ; no       ; Off          ;
; 90       ;            ;          ; VCCINT         ; power  ;              ; 2.5V/3.3V ; --         ;                 ; --       ; --           ;
; 91       ; 102        ; 2        ; GND*           ;        ;              ;           ; Row I/O    ;                 ; no       ; Off          ;
; 92       ;            ;          ; GNDINT         ; gnd    ;              ;           ; --         ;                 ; --       ; --           ;
; 93       ; 103        ; 2        ; AuxIn[4]       ; input  ; 3.3-V LVTTL  ;           ; Row I/O    ; Y               ; no       ; Off          ;
; 94       ; 104        ; 2        ; AuxIn[3]       ; input  ; 3.3-V LVTTL  ;           ; Row I/O    ; Y               ; no       ; Off          ;
; 95       ; 105        ; 2        ; AuxIn[2]       ; input  ; 3.3-V LVTTL  ;           ; Row I/O    ; Y               ; no       ; Off          ;
; 96       ; 106        ; 2        ; AuxIn[1]       ; input  ; 3.3-V LVTTL  ;           ; Row I/O    ; Y               ; no       ; Off          ;
; 97       ; 107        ; 2        ; GND*           ;        ;              ;           ; Row I/O    ;                 ; no       ; Off          ;
; 98       ; 108        ; 2        ; GND*           ;        ;              ;           ; Row I/O    ;                 ; no       ; Off          ;
; 99       ;            ;          ; GNDIO          ; gnd    ;              ;           ; --         ;                 ; --       ; --           ;
; 100      ;            ; 2        ; VCCIO2         ; power  ;              ; 3.3V      ; --         ;                 ; --       ; --           ;
; 101      ; 109        ; 2        ; AuxOut[8]      ; output ; 3.3-V LVTTL  ;           ; Row I/O    ; Y               ; no       ; Off          ;
; 102      ; 111        ; 2        ; AuxOut[7]      ; output ; 3.3-V LVTTL  ;           ; Row I/O    ; Y               ; no       ; Off          ;
; 103      ; 112        ; 2        ; AuxOut[6]      ; output ; 3.3-V LVTTL  ;           ; Row I/O    ; Y               ; no       ; Off          ;
; 104      ; 115        ; 2        ; AuxOut[5]      ; output ; 3.3-V LVTTL  ;           ; Row I/O    ; Y               ; no       ; Off          ;
; 105      ; 116        ; 2        ; AuxOut[4]      ; output ; 3.3-V LVTTL  ;           ; Row I/O    ; Y               ; no       ; Off          ;
; 106      ; 118        ; 2        ; AuxOut[3]      ; output ; 3.3-V LVTTL  ;           ; Row I/O    ; Y               ; no       ; Off          ;
; 107      ; 120        ; 2        ; AuxOut[2]      ; output ; 3.3-V LVTTL  ;           ; Row I/O    ; Y               ; no       ; Off          ;
; 108      ; 122        ; 2        ; AuxOut[1]      ; output ; 3.3-V LVTTL  ;           ; Row I/O    ; Y               ; no       ; Off          ;
; 109      ; 125        ; 2        ; DV_OUT_SPR2    ; output ; 3.3-V LVTTL  ;           ; Column I/O ; Y               ; no       ; Off          ;
; 110      ; 126        ; 2        ; DV_OUT_SPR1    ; output ; 3.3-V LVTTL  ;           ; Column I/O ; Y               ; no       ; Off          ;
; 111      ; 127        ; 2        ; DV_OUT_POL     ; output ; 3.3-V LVTTL  ;           ; Column I/O ; Y               ; no       ; Off          ;
; 112      ; 129        ; 2        ; DV_OUT_FTS     ; output ; 3.3-V LVTTL  ;           ; Column I/O ; Y               ; no       ; Off          ;
; 113      ; 131        ; 2        ; GND*           ;        ;              ;           ; Column I/O ;                 ; no       ; Off          ;
; 114      ; 133        ; 2        ; GND*           ;        ;              ;           ; Column I/O ;                 ; no       ; Off          ;
; 115      ;            ;          ; GNDIO          ; gnd    ;              ;           ; --         ;                 ; --       ; --           ;
; 116      ;            ; 2        ; VCCIO2         ; power  ;              ; 3.3V      ; --         ;                 ; --       ; --           ;
; 117      ; 135        ; 2        ; LED3           ; output ; 3.3-V LVTTL  ;           ; Column I/O ; Y               ; no       ; Off          ;
; 118      ; 136        ; 2        ; LED2           ; output ; 3.3-V LVTTL  ;           ; Column I/O ; Y               ; no       ; Off          ;
; 119      ; 137        ; 2        ; FR_Mode        ; output ; 3.3-V LVTTL  ;           ; Column I/O ; Y               ; no       ; Off          ;
; 120      ; 138        ; 2        ; DV_Error_o     ; output ; 3.3-V LVTTL  ;           ; Column I/O ; Y               ; no       ; Off          ;
; 121      ; 139        ; 2        ; GND*           ;        ;              ;           ; Column I/O ;                 ; no       ; Off          ;
; 122      ; 140        ; 2        ; XX1            ; output ; 3.3-V LVTTL  ;           ; Column I/O ; Y               ; no       ; Off          ;
; 123      ; 141        ; 2        ; XX2            ; output ; 3.3-V LVTTL  ;           ; Column I/O ; Y               ; no       ; Off          ;
; 124      ; 142        ; 2        ; XX3            ; output ; 3.3-V LVTTL  ;           ; Column I/O ; Y               ; no       ; Off          ;
; 125      ; 143        ; 2        ; XX4            ; output ; 3.3-V LVTTL  ;           ; Column I/O ; Y               ; no       ; Off          ;
; 126      ;            ;          ; VCCINT         ; power  ;              ; 2.5V/3.3V ; --         ;                 ; --       ; --           ;
; 127      ; 144        ; 2        ; GND*           ;        ;              ;           ; Column I/O ;                 ; no       ; Off          ;
; 128      ;            ;          ; GNDINT         ; gnd    ;              ;           ; --         ;                 ; --       ; --           ;
; 129      ; 145        ; 2        ; GND*           ;        ;              ;           ; Column I/O ;                 ; no       ; Off          ;
; 130      ; 146        ; 2        ; GND*           ;        ;              ;           ; Column I/O ;                 ; no       ; Off          ;
; 131      ; 147        ; 2        ; GND*           ;        ;              ;           ; Column I/O ;                 ; no       ; Off          ;
; 132      ; 148        ; 2        ; GND*           ;        ;              ;           ; Column I/O ;                 ; no       ; Off          ;
; 133      ; 149        ; 2        ; GND*           ;        ;              ;           ; Column I/O ;                 ; no       ; Off          ;
; 134      ; 150        ; 2        ; DV_RTS         ; input  ; 3.3-V LVTTL  ;           ; Column I/O ; Y               ; no       ; Off          ;
; 135      ;            ;          ; GNDIO          ; gnd    ;              ;           ; --         ;                 ; --       ; --           ;
; 136      ;            ; 2        ; VCCIO2         ; power  ;              ; 3.3V      ; --         ;                 ; --       ; --           ;
; 137      ; 151        ; 2        ; PIO_ADR[7]     ; input  ; 3.3-V LVTTL  ;           ; Column I/O ; Y               ; no       ; Off          ;
; 138      ; 152        ; 2        ; PIO_ADR[6]     ; input  ; 3.3-V LVTTL  ;           ; Column I/O ; Y               ; no       ; Off          ;
; 139      ; 153        ; 2        ; PIO_ADR[5]     ; input  ; 3.3-V LVTTL  ;           ; Column I/O ; Y               ; no       ; Off          ;
; 140      ; 155        ; 2        ; PIO_ADR[4]     ; input  ; 3.3-V LVTTL  ;           ; Column I/O ; Y               ; no       ; Off          ;
; 141      ; 156        ; 2        ; PIO_ADR[3]     ; input  ; 3.3-V LVTTL  ;           ; Column I/O ; Y               ; no       ; Off          ;
; 142      ; 158        ; 2        ; PIO_ADR[2]     ; input  ; 3.3-V LVTTL  ;           ; Column I/O ; Y               ; no       ; Off          ;
; 143      ; 161        ; 2        ; PIO_ADR[1]     ; input  ; 3.3-V LVTTL  ;           ; Column I/O ; Y               ; no       ; Off          ;
; 144      ; 163        ; 2        ; PIO_ADR[0]     ; input  ; 3.3-V LVTTL  ;           ; Column I/O ; Y               ; no       ; Off          ;
+----------+------------+----------+----------------+--------+--------------+-----------+------------+-----------------+----------+--------------+
Note: Pin directions (input, output or bidir) are based on device operating in user mode.


+-------------------------------------------------------------+
; Output Pin Default Load For Reported TCO                    ;
+----------------------------+-------+------------------------+
; I/O Standard               ; Load  ; Termination Resistance ;
+----------------------------+-------+------------------------+
; 3.3-V LVTTL                ; 10 pF ; Not Available          ;
; 3.3-V LVCMOS               ; 10 pF ; Not Available          ;
; 2.5 V                      ; 10 pF ; Not Available          ;
; 1.8 V                      ; 10 pF ; Not Available          ;
; 1.5 V                      ; 10 pF ; Not Available          ;
; 3.3V Schmitt Trigger Input ; 10 pF ; Not Available          ;
; 2.5V Schmitt Trigger Input ; 10 pF ; Not Available          ;
+----------------------------+-------+------------------------+
Note: User assignments will override these defaults. The user specified values are listed in the Output Pins and Bidir Pins tables.


+-------------------------------------------------------------------------------------------------------------------------------------------------------------------------------------------------------------------------------+
; Fitter Resource Utilization by Entity                                                                                                                                                                                         ;
+----------------------------+-------------+--------------+------------+------+--------------+--------------+-------------------+------------------+-----------------+------------+------------------------------+--------------+
; Compilation Hierarchy Node ; Logic Cells ; LC Registers ; UFM Blocks ; Pins ; Virtual Pins ; LUT-Only LCs ; Register-Only LCs ; LUT/Register LCs ; Carry Chain LCs ; Packed LCs ; Full Hierarchy Name          ; Library Name ;
+----------------------------+-------------+--------------+------------+------+--------------+--------------+-------------------+------------------+-----------------+------------+------------------------------+--------------+
; |SyncBox                   ; 551 (0)     ; 455          ; 0          ; 74   ; 0            ; 96 (0)       ; 97 (0)            ; 358 (0)          ; 163 (0)         ; 26 (0)     ; |SyncBox                     ; work         ;
;    |ClkDiv:clkd|           ; 50 (50)     ; 23           ; 0          ; 0    ; 0            ; 27 (27)      ; 8 (8)             ; 15 (15)          ; 35 (35)         ; 0 (0)      ; |SyncBox|ClkDiv:clkd         ; work         ;
;    |FreeRun:freerun1|      ; 35 (35)     ; 25           ; 0          ; 0    ; 0            ; 10 (10)      ; 7 (7)             ; 18 (18)          ; 12 (12)         ; 0 (0)      ; |SyncBox|FreeRun:freerun1    ; work         ;
;    |FreeRun:freerun2|      ; 35 (35)     ; 25           ; 0          ; 0    ; 0            ; 10 (10)      ; 7 (7)             ; 18 (18)          ; 12 (12)         ; 0 (0)      ; |SyncBox|FreeRun:freerun2    ; work         ;
;    |ManchEncode:mancho1|   ; 175 (175)   ; 170          ; 0          ; 0    ; 0            ; 5 (5)        ; 7 (7)             ; 163 (163)        ; 32 (32)         ; 10 (10)    ; |SyncBox|ManchEncode:mancho1 ; work         ;
;    |ManchEncode:mancho2|   ; 79 (79)     ; 77           ; 0          ; 0    ; 0            ; 2 (2)        ; 1 (1)             ; 76 (76)          ; 32 (32)         ; 1 (1)      ; |SyncBox|ManchEncode:mancho2 ; work         ;
;    |PIO_Interface:pio|     ; 71 (71)     ; 53           ; 0          ; 0    ; 0            ; 18 (18)      ; 43 (43)           ; 10 (10)          ; 0 (0)           ; 5 (5)      ; |SyncBox|PIO_Interface:pio   ; work         ;
;    |Sync_Len:synco1|       ; 53 (53)     ; 41           ; 0          ; 0    ; 0            ; 12 (12)      ; 12 (12)           ; 29 (29)          ; 20 (20)         ; 5 (5)      ; |SyncBox|Sync_Len:synco1     ; work         ;
;    |Sync_Len:synco2|       ; 53 (53)     ; 41           ; 0          ; 0    ; 0            ; 12 (12)      ; 12 (12)           ; 29 (29)          ; 20 (20)         ; 5 (5)      ; |SyncBox|Sync_Len:synco2     ; work         ;
+----------------------------+-------------+--------------+------------+------+--------------+--------------+-------------------+------------------+-----------------+------------+------------------------------+--------------+
Note: For table entries with two numbers listed, the numbers in parentheses indicate the number of resources of the given type used by the specific entity alone. The numbers listed outside of parentheses indicate the total resources of the given type used by the specific entity and all of its sub-entities in the hierarchy.


+-------------------------------------------+
; Delay Chain Summary                       ;
+----------------+----------+---------------+
; Name           ; Pin Type ; Pad to Core 0 ;
+----------------+----------+---------------+
; PIO_INT0       ; Output   ; --            ;
; PIO_ALE        ; Input    ; --            ;
; CLK_EXT        ; Input    ; --            ;
; nRST           ; Input    ; --            ;
; nPSEN          ; Input    ; --            ;
; PIO_INT1       ; Output   ; --            ;
; PIO_T0         ; Output   ; --            ;
; PIO_T1         ; Output   ; --            ;
; ManchOut1      ; Output   ; --            ;
; ManchOut2      ; Output   ; --            ;
; Manch_Clk      ; Output   ; --            ;
; Manch_NRZ      ; Output   ; --            ;
; DV_OUT_FTS     ; Output   ; --            ;
; DV_OUT_POL     ; Output   ; --            ;
; DV_OUT_SPR1    ; Output   ; --            ;
; DV_OUT_SPR2    ; Output   ; --            ;
; TP_SMA         ; Output   ; --            ;
; LED2           ; Output   ; --            ;
; LED3           ; Output   ; --            ;
; XX1            ; Output   ; --            ;
; XX2            ; Output   ; --            ;
; XX3            ; Output   ; --            ;
; XX4            ; Output   ; --            ;
; FR_Mode        ; Output   ; --            ;
; TP_isAddr_Zero ; Output   ; --            ;
; TP_DV_Delayed  ; Output   ; --            ;
; TP_DV_FreeRun  ; Output   ; --            ;
; DV_Error_o     ; Output   ; --            ;
; AuxOut[8]      ; Output   ; --            ;
; AuxOut[7]      ; Output   ; --            ;
; AuxOut[6]      ; Output   ; --            ;
; AuxOut[5]      ; Output   ; --            ;
; AuxOut[4]      ; Output   ; --            ;
; AuxOut[3]      ; Output   ; --            ;
; AuxOut[2]      ; Output   ; --            ;
; AuxOut[1]      ; Output   ; --            ;
; TestOut1[8]    ; Output   ; --            ;
; TestOut1[7]    ; Output   ; --            ;
; TestOut1[6]    ; Output   ; --            ;
; TestOut1[5]    ; Output   ; --            ;
; TestOut1[4]    ; Output   ; --            ;
; TestOut1[3]    ; Output   ; --            ;
; TestOut1[2]    ; Output   ; --            ;
; TestOut1[1]    ; Output   ; --            ;
; PIO_DAT[7]     ; Bidir    ; (0)           ;
; PIO_DAT[6]     ; Bidir    ; (0)           ;
; PIO_DAT[5]     ; Bidir    ; (0)           ;
; PIO_DAT[4]     ; Bidir    ; (0)           ;
; PIO_DAT[3]     ; Bidir    ; (0)           ;
; PIO_DAT[2]     ; Bidir    ; (0)           ;
; PIO_DAT[1]     ; Bidir    ; (0)           ;
; PIO_DAT[0]     ; Bidir    ; (0)           ;
; DV_RTS         ; Input    ; (0)           ;
; Clk100M        ; Input    ; (0)           ;
; PIO_Reset      ; Input    ; (0)           ;
; PIO_nEnable    ; Input    ; (0)           ;
; PIO_nWR        ; Input    ; (0)           ;
; PIO_ADR[7]     ; Input    ; (0)           ;
; PIO_ADR[6]     ; Input    ; (0)           ;
; PIO_ADR[3]     ; Input    ; (0)           ;
; PIO_ADR[2]     ; Input    ; (0)           ;
; PIO_ADR[5]     ; Input    ; (0)           ;
; PIO_ADR[1]     ; Input    ; (0)           ;
; PIO_ADR[4]     ; Input    ; (0)           ;
; PIO_ADR[0]     ; Input    ; (0)           ;
; AuxIn[8]       ; Input    ; (0)           ;
; PIO_nRD        ; Input    ; (0)           ;
; AuxIn[7]       ; Input    ; (0)           ;
; AuxIn[6]       ; Input    ; (0)           ;
; AuxIn[5]       ; Input    ; (0)           ;
; AuxIn[4]       ; Input    ; (0)           ;
; AuxIn[3]       ; Input    ; (0)           ;
; AuxIn[2]       ; Input    ; (0)           ;
; AuxIn[1]       ; Input    ; (0)           ;
+----------------+----------+---------------+


+---------------------------------------------------------------------------------------------------------------------------------------------+
; Control Signals                                                                                                                             ;
+------------------------------------+--------------+---------+----------------------------+--------+----------------------+------------------+
; Name                               ; Location     ; Fan-Out ; Usage                      ; Global ; Global Resource Used ; Global Line Name ;
+------------------------------------+--------------+---------+----------------------------+--------+----------------------+------------------+
; Clk100M                            ; PIN_20       ; 15      ; Clock                      ; yes    ; Global Clock         ; GCLK1            ;
; ClkDiv:clkd|Clk25M                 ; LC_X10_Y3_N9 ; 351     ; Clock                      ; yes    ; Global Clock         ; GCLK3            ;
; ClkDiv:clkd|LessThan0~5            ; LC_X12_Y4_N9 ; 9       ; Sync. clear                ; no     ; --                   ; --               ;
; ClkDiv:clkd|clk25m_internal        ; LC_X9_Y4_N6  ; 8       ; Clock                      ; no     ; --                   ; --               ;
; ClkDiv:clkd|clk_adj                ; LC_X10_Y3_N8 ; 43      ; Clock                      ; yes    ; Global Clock         ; GCLK0            ;
; FreeRun:freerun1|Equal0~3          ; LC_X2_Y4_N8  ; 12      ; Sync. load                 ; no     ; --                   ; --               ;
; FreeRun:freerun1|dwncnt~0          ; LC_X5_Y4_N7  ; 13      ; Clock enable               ; no     ; --                   ; --               ;
; FreeRun:freerun2|Equal0~3          ; LC_X5_Y7_N6  ; 12      ; Sync. load                 ; no     ; --                   ; --               ;
; FreeRun:freerun2|dwncnt~0          ; LC_X7_Y6_N5  ; 13      ; Clock enable               ; no     ; --                   ; --               ;
; ManchEncode:mancho1|DV_Cntr[29]~2  ; LC_X6_Y5_N4  ; 32      ; Clock enable               ; no     ; --                   ; --               ;
; ManchEncode:mancho1|Shift5Rdy~0    ; LC_X12_Y2_N2 ; 36      ; Clock enable               ; no     ; --                   ; --               ;
; ManchEncode:mancho1|Shift5Rdy~3    ; LC_X7_Y7_N0  ; 2       ; Clock enable               ; no     ; --                   ; --               ;
; ManchEncode:mancho2|DV_Cntr[27]~2  ; LC_X7_Y6_N8  ; 32      ; Clock enable               ; no     ; --                   ; --               ;
; PIO_Interface:pio|AuxInGet~1       ; LC_X7_Y7_N2  ; 8       ; Output enable              ; no     ; --                   ; --               ;
; PIO_Interface:pio|DV_Cntr_Load     ; LC_X6_Y5_N3  ; 64      ; Sync. load                 ; no     ; --                   ; --               ;
; PIO_Interface:pio|Equal0~1         ; LC_X6_Y7_N9  ; 8       ; Clock enable               ; no     ; --                   ; --               ;
; PIO_Interface:pio|Equal11~1        ; LC_X7_Y7_N6  ; 8       ; Clock enable               ; no     ; --                   ; --               ;
; PIO_Interface:pio|Equal1~0         ; LC_X6_Y7_N5  ; 8       ; Clock enable               ; no     ; --                   ; --               ;
; PIO_Interface:pio|Equal2~0         ; LC_X6_Y7_N6  ; 8       ; Clock enable               ; no     ; --                   ; --               ;
; PIO_Interface:pio|Equal3~0         ; LC_X7_Y7_N4  ; 8       ; Clock enable               ; no     ; --                   ; --               ;
; PIO_Interface:pio|Equal9~1         ; LC_X6_Y7_N2  ; 3       ; Clock enable               ; no     ; --                   ; --               ;
; PIO_Interface:pio|FR1_Load         ; LC_X5_Y5_N6  ; 12      ; Clock enable               ; no     ; --                   ; --               ;
; PIO_Interface:pio|FR2_Load         ; LC_X5_Y5_N5  ; 12      ; Clock enable               ; no     ; --                   ; --               ;
; PIO_Interface:pio|SL1_Load         ; LC_X5_Y5_N2  ; 20      ; Clock enable               ; no     ; --                   ; --               ;
; PIO_Interface:pio|SL2_Load         ; LC_X5_Y5_N1  ; 20      ; Clock enable               ; no     ; --                   ; --               ;
; PIO_Interface:pio|clk_adj_div_load ; LC_X6_Y5_N0  ; 8       ; Clock enable               ; no     ; --                   ; --               ;
; PIO_Reset                          ; PIN_11       ; 434     ; Async. clear, Clock enable ; no     ; --                   ; --               ;
; PIO_nEnable                        ; PIN_12       ; 128     ; Clock enable               ; no     ; --                   ; --               ;
; PIO_nWR                            ; PIN_13       ; 44      ; Clock                      ; yes    ; Global Clock         ; GCLK2            ;
; Sync_Len:synco1|Equal1~6           ; LC_X5_Y4_N4  ; 21      ; Sync. load                 ; no     ; --                   ; --               ;
; Sync_Len:synco1|dwncnt~0           ; LC_X3_Y5_N5  ; 21      ; Clock enable               ; no     ; --                   ; --               ;
; Sync_Len:synco2|Equal1~6           ; LC_X2_Y7_N7  ; 21      ; Sync. load                 ; no     ; --                   ; --               ;
; Sync_Len:synco2|dwncnt~0           ; LC_X3_Y5_N3  ; 21      ; Clock enable               ; no     ; --                   ; --               ;
+------------------------------------+--------------+---------+----------------------------+--------+----------------------+------------------+


+----------------------------------------------------------------------------------------+
; Global & Other Fast Signals                                                            ;
+---------------------+--------------+---------+----------------------+------------------+
; Name                ; Location     ; Fan-Out ; Global Resource Used ; Global Line Name ;
+---------------------+--------------+---------+----------------------+------------------+
; Clk100M             ; PIN_20       ; 15      ; Global Clock         ; GCLK1            ;
; ClkDiv:clkd|Clk25M  ; LC_X10_Y3_N9 ; 351     ; Global Clock         ; GCLK3            ;
; ClkDiv:clkd|clk_adj ; LC_X10_Y3_N8 ; 43      ; Global Clock         ; GCLK0            ;
; PIO_nWR             ; PIN_13       ; 44      ; Global Clock         ; GCLK2            ;
+---------------------+--------------+---------+----------------------+------------------+


+----------------------------------------------+
; Routing Usage Summary                        ;
+-----------------------+----------------------+
; Routing Resource Type ; Usage                ;
+-----------------------+----------------------+
; C4s                   ; 403 / 1,624 ( 25 % ) ;
; Direct links          ; 108 / 1,930 ( 6 % )  ;
; Global clocks         ; 4 / 4 ( 100 % )      ;
; LAB clocks            ; 26 / 56 ( 46 % )     ;
; LUT chains            ; 9 / 513 ( 2 % )      ;
; Local interconnects   ; 752 / 1,930 ( 39 % ) ;
; R4s                   ; 450 / 1,472 ( 31 % ) ;
+-----------------------+----------------------+


+---------------------------------------------------------------------------+
; LAB Logic Elements                                                        ;
+--------------------------------------------+------------------------------+
; Number of Logic Elements  (Average = 9.67) ; Number of LABs  (Total = 57) ;
+--------------------------------------------+------------------------------+
; 1                                          ; 0                            ;
; 2                                          ; 0                            ;
; 3                                          ; 0                            ;
; 4                                          ; 1                            ;
; 5                                          ; 0                            ;
; 6                                          ; 0                            ;
; 7                                          ; 1                            ;
; 8                                          ; 4                            ;
; 9                                          ; 2                            ;
; 10                                         ; 49                           ;
+--------------------------------------------+------------------------------+


+-------------------------------------------------------------------+
; LAB-wide Signals                                                  ;
+------------------------------------+------------------------------+
; LAB-wide Signals  (Average = 2.98) ; Number of LABs  (Total = 57) ;
+------------------------------------+------------------------------+
; 1 Async. clear                     ; 54                           ;
; 1 Clock                            ; 43                           ;
; 1 Clock enable                     ; 25                           ;
; 1 Sync. load                       ; 14                           ;
; 2 Clock enables                    ; 21                           ;
; 2 Clocks                           ; 13                           ;
+------------------------------------+------------------------------+


+----------------------------------------------------------------------------+
; LAB Signals Sourced                                                        ;
+---------------------------------------------+------------------------------+
; Number of Signals Sourced  (Average = 9.81) ; Number of LABs  (Total = 57) ;
+---------------------------------------------+------------------------------+
; 0                                           ; 0                            ;
; 1                                           ; 0                            ;
; 2                                           ; 1                            ;
; 3                                           ; 0                            ;
; 4                                           ; 2                            ;
; 5                                           ; 0                            ;
; 6                                           ; 0                            ;
; 7                                           ; 1                            ;
; 8                                           ; 4                            ;
; 9                                           ; 3                            ;
; 10                                          ; 33                           ;
; 11                                          ; 9                            ;
; 12                                          ; 1                            ;
; 13                                          ; 2                            ;
; 14                                          ; 0                            ;
; 15                                          ; 0                            ;
; 16                                          ; 1                            ;
+---------------------------------------------+------------------------------+


+--------------------------------------------------------------------------------+
; LAB Signals Sourced Out                                                        ;
+-------------------------------------------------+------------------------------+
; Number of Signals Sourced Out  (Average = 6.23) ; Number of LABs  (Total = 57) ;
+-------------------------------------------------+------------------------------+
; 0                                               ; 0                            ;
; 1                                               ; 5                            ;
; 2                                               ; 8                            ;
; 3                                               ; 8                            ;
; 4                                               ; 3                            ;
; 5                                               ; 0                            ;
; 6                                               ; 1                            ;
; 7                                               ; 7                            ;
; 8                                               ; 2                            ;
; 9                                               ; 7                            ;
; 10                                              ; 13                           ;
; 11                                              ; 2                            ;
; 12                                              ; 1                            ;
+-------------------------------------------------+------------------------------+


+-----------------------------------------------------------------------------+
; LAB Distinct Inputs                                                         ;
+----------------------------------------------+------------------------------+
; Number of Distinct Inputs  (Average = 13.18) ; Number of LABs  (Total = 57) ;
+----------------------------------------------+------------------------------+
; 0                                            ; 0                            ;
; 1                                            ; 0                            ;
; 2                                            ; 0                            ;
; 3                                            ; 1                            ;
; 4                                            ; 0                            ;
; 5                                            ; 0                            ;
; 6                                            ; 1                            ;
; 7                                            ; 0                            ;
; 8                                            ; 2                            ;
; 9                                            ; 1                            ;
; 10                                           ; 4                            ;
; 11                                           ; 8                            ;
; 12                                           ; 8                            ;
; 13                                           ; 8                            ;
; 14                                           ; 4                            ;
; 15                                           ; 9                            ;
; 16                                           ; 6                            ;
; 17                                           ; 0                            ;
; 18                                           ; 2                            ;
; 19                                           ; 0                            ;
; 20                                           ; 2                            ;
; 21                                           ; 0                            ;
; 22                                           ; 0                            ;
; 23                                           ; 0                            ;
; 24                                           ; 0                            ;
; 25                                           ; 0                            ;
; 26                                           ; 1                            ;
+----------------------------------------------+------------------------------+


+-------------------------------------------------------------------------+
; Fitter Device Options                                                   ;
+----------------------------------------------+--------------------------+
; Option                                       ; Setting                  ;
+----------------------------------------------+--------------------------+
; Enable user-supplied start-up clock (CLKUSR) ; Off                      ;
; Enable device-wide reset (DEV_CLRn)          ; Off                      ;
; Enable device-wide output enable (DEV_OE)    ; Off                      ;
; Enable INIT_DONE output                      ; Off                      ;
; Configuration scheme                         ; Passive Serial           ;
; Reserve all unused pins                      ; As output driving ground ;
+----------------------------------------------+--------------------------+


+------------------------------------------------------------+
; Estimated Delay Added for Hold Timing Summary              ;
+-----------------+----------------------+-------------------+
; Source Clock(s) ; Destination Clock(s) ; Delay Added in ns ;
+-----------------+----------------------+-------------------+
; I/O             ; ClkDiv:clkd|Clk25M   ; 3.2               ;
+-----------------+----------------------+-------------------+
Note: For more information on problematic transfers, consider running the Fitter again with the Optimize hold timing option (Settings Menu) turned off.
This will disable optimization of problematic paths and expose them for further analysis using the TimeQuest Timing Analyzer.


+------------------------------------------------------------------+
; Estimated Delay Added for Hold Timing Details                    ;
+-----------------+----------------------------+-------------------+
; Source Register ; Destination Register       ; Delay Added in ns ;
+-----------------+----------------------------+-------------------+
; PIO_nWR         ; PIO_Interface:pio|rPIO_nWR ; 3.198             ;
+-----------------+----------------------------+-------------------+
Note: This table only shows the top 1 path(s) that have the largest delay added for hold.


+-----------------+
; Fitter Messages ;
+-----------------+
Info (20032): Parallel compilation is enabled and will use up to 3 processors
Info (119006): Selected device EPM570T144C3 for design "Synco"
Info (21077): Low junction temperature is 0 degrees C
Info (21077): High junction temperature is 85 degrees C
Info (171004): Fitter is performing a Standard Fit compilation using maximum Fitter effort to optimize design performance
Warning (292013): Feature LogicLock is only available with a valid subscription license. You can purchase a software subscription to gain full access to this feature.
Info (176444): Device migration not selected. If you intend to use device migration later, you may need to change the pin assignments as they may be incompatible with other devices
    Info (176445): Device EPM1270T144C3 is compatible
Info (332104): Reading SDC File: 'Synco.out.sdc'
Info (332129): Detected timing requirements -- optimizing circuit to achieve only the specified requirements
Info (332111): Found 5 clocks
    Info (332111):   Period   Clock Name
    Info (332111): ======== ============
    Info (332111):   10.000      Clk100M
    Info (332111):   40.000 ClkDiv:clkd|Clk25M
    Info (332111):   40.000 ClkDiv:clkd|clk25m_internal
    Info (332111):   40.000 ClkDiv:clkd|clk_adj
    Info (332111):   10.000      PIO_nWR
Info (186079): Completed User Assigned Global Signals Promotion Operation
Info (186215): Automatically promoted signal "Clk100M" to use Global clock in PIN 20
Info (186216): Automatically promoted some destinations of signal "ClkDiv:clkd|Clk25M" to use Global clock File: /home/mhasse/code/altera/synco/ClkDiv.vhd Line: 21
    Info (186217): Destination "Manch_Clk" may be non-global or may not use global clock
    Info (186217): Destination "TestOut1[1]" may be non-global or may not use global clock
    Info (186217): Destination "ManchEncode:mancho1|ManchOut" may be non-global or may not use global clock File: /home/mhasse/code/altera/synco/ManchEncode.vhd Line: 47
    Info (186217): Destination "ManchEncode:mancho2|ManchOut" may be non-global or may not use global clock File: /home/mhasse/code/altera/synco/ManchEncode.vhd Line: 47
Info (186216): Automatically promoted some destinations of signal "PIO_nWR" to use Global clock
    Info (186217): Destination "PIO_Interface:pio|rPIO_nWR" may be non-global or may not use global clock File: /home/mhasse/code/altera/synco/PIO_Interface.vhd Line: 124
Info (186228): Pin "PIO_nWR" drives global clock, but is not placed in a dedicated clock pin position
Info (186216): Automatically promoted some destinations of signal "ClkDiv:clkd|clk_adj" to use Global clock File: /home/mhasse/code/altera/synco/ClkDiv.vhd Line: 22
    Info (186217): Destination "DV_OUT_FTS" may be non-global or may not use global clock
    Info (186217): Destination "DV_OUT_SPR1" may be non-global or may not use global clock
Info (186079): Completed Auto Global Promotion Operation
Info (176234): Starting register packing
Info (186468): Started processing fast register assignments
Info (186469): Finished processing fast register assignments
Info (176235): Finished register packing
Info (171121): Fitter preparation operations ending: elapsed time is 00:00:00
Info (14896): Fitter has disabled Advanced Physical Optimization because it is not supported for the current family.
Info (170189): Fitter placement preparation operations beginning
Info (170190): Fitter placement preparation operations ending: elapsed time is 00:00:00
Info (170191): Fitter placement operations beginning
Info (170137): Fitter placement was successful
Info (170192): Fitter placement operations ending: elapsed time is 00:00:03
Info (170193): Fitter routing operations beginning
Info (170195): Router estimated average interconnect usage is 28% of the available device resources
    Info (170196): Router estimated peak interconnect usage is 28% of the available device resources in the region that extends from location X0_Y0 to location X13_Y8
Info (170194): Fitter routing operations ending: elapsed time is 00:00:01
Info (11888): Total time spent on timing analysis during the Fitter is 0.97 seconds.
Info (11218): Fitter post-fit operations ending: elapsed time is 00:00:00
Warning (169174): The Reserve All Unused Pins setting has not been specified, and will default to 'As output driving ground'.
Info (144001): Generated suppressed messages file /home/mhasse/code/altera/synco/Synco.fit.smsg
Info: Quartus Prime Fitter was successful. 0 errors, 2 warnings
    Info: Peak virtual memory: 1294 megabytes
    Info: Processing ended: Fri May 13 16:15:46 2016
    Info: Elapsed time: 00:00:06
    Info: Total CPU time (on all processors): 00:00:09


+----------------------------+
; Fitter Suppressed Messages ;
+----------------------------+
The suppressed messages can be found in /home/mhasse/code/altera/synco/Synco.fit.smsg.


