Fitter report for Synco
Thu Nov 01 16:51:52 2007
Quartus II Version 6.1 Build 201 11/27/2006 SJ Full Version


---------------------
; Table of Contents ;
---------------------
  1. Legal Notice
  2. Fitter Summary
  3. Fitter Settings
  4. Pin-Out File
  5. Fitter Resource Usage Summary
  6. Input Pins
  7. Output Pins
  8. Bidir Pins
  9. I/O Bank Usage
 10. All Package Pins
 11. Output Pin Default Load For Reported TCO
 12. Fitter Resource Utilization by Entity
 13. Delay Chain Summary
 14. Control Signals
 15. Global & Other Fast Signals
 16. Non-Global High Fan-Out Signals
 17. Interconnect Usage Summary
 18. LAB Logic Elements
 19. LAB-wide Signals
 20. LAB Signals Sourced
 21. LAB Signals Sourced Out
 22. LAB Distinct Inputs
 23. Fitter Device Options
 24. Fitter Messages
 25. Fitter Suppressed Messages



----------------
; Legal Notice ;
----------------
Copyright (C) 1991-2006 Altera Corporation
Your use of Altera Corporation's design tools, logic functions 
and other software and tools, and its AMPP partner logic 
functions, and any output files from any of the foregoing 
(including device programming or simulation files), and any 
associated documentation or information are expressly subject 
to the terms and conditions of the Altera Program License 
Subscription Agreement, Altera MegaCore Function License 
Agreement, or other applicable license agreement, including, 
without limitation, that your use is for the sole purpose of 
programming logic devices manufactured by Altera and sold by 
Altera or its authorized distributors.  Please refer to the 
applicable agreement for further details.



+------------------------------------------------------------------+
; Fitter Summary                                                   ;
+-----------------------+------------------------------------------+
; Fitter Status         ; Successful - Thu Nov 01 16:51:52 2007    ;
; Quartus II Version    ; 6.1 Build 201 11/27/2006 SJ Full Version ;
; Revision Name         ; Synco                                    ;
; Top-level Entity Name ; SyncBox                                  ;
; Family                ; MAX II                                   ;
; Device                ; EPM570T144C3                             ;
; Timing Models         ; Final                                    ;
; Total logic elements  ; 347 / 570 ( 61 % )                       ;
; Total pins            ; 74 / 116 ( 64 % )                        ;
; Total virtual pins    ; 0                                        ;
; UFM blocks            ; 0 / 1 ( 0 % )                            ;
+-----------------------+------------------------------------------+


+--------------------------------------------------------------------------------------------------------------------------+
; Fitter Settings                                                                                                          ;
+--------------------------------------------------------+--------------------------------+--------------------------------+
; Option                                                 ; Setting                        ; Default Value                  ;
+--------------------------------------------------------+--------------------------------+--------------------------------+
; Device                                                 ; EPM570T144C3                   ;                                ;
; Fit Attempts to Skip                                   ; 0                              ; 0.0                            ;
; Fitter Effort                                          ; Standard Fit                   ; Auto Fit                       ;
; Always Enable Input Buffers                            ; Off                            ; Off                            ;
; Router Timing Optimization Level                       ; Normal                         ; Normal                         ;
; Placement Effort Multiplier                            ; 1.0                            ; 1.0                            ;
; Router Effort Multiplier                               ; 1.0                            ; 1.0                            ;
; Optimize Hold Timing                                   ; IO Paths and Minimum TPD Paths ; IO Paths and Minimum TPD Paths ;
; Optimize Fast-Corner Timing                            ; Off                            ; Off                            ;
; Guarantee I/O Paths Have Zero Hold Time at Fast Corner ; On                             ; On                             ;
; PowerPlay Power Optimization                           ; Normal compilation             ; Normal compilation             ;
; Optimize Timing                                        ; Normal compilation             ; Normal compilation             ;
; Optimize IOC Register Placement for Timing             ; On                             ; On                             ;
; Limit to One Fitting Attempt                           ; Off                            ; Off                            ;
; Final Placement Optimizations                          ; Automatically                  ; Automatically                  ;
; Fitter Aggressive Routability Optimizations            ; Automatically                  ; Automatically                  ;
; Fitter Initial Placement Seed                          ; 1                              ; 1                              ;
; Slow Slew Rate                                         ; Off                            ; Off                            ;
; PCI I/O                                                ; Off                            ; Off                            ;
; Weak Pull-Up Resistor                                  ; Off                            ; Off                            ;
; Enable Bus-Hold Circuitry                              ; Off                            ; Off                            ;
; Auto Delay Chains                                      ; On                             ; On                             ;
; Perform Physical Synthesis for Combinational Logic     ; Off                            ; Off                            ;
; Perform Register Duplication                           ; Off                            ; Off                            ;
; Perform Register Retiming                              ; Off                            ; Off                            ;
; Perform Asynchronous Signal Pipelining                 ; Off                            ; Off                            ;
; Physical Synthesis Effort Level                        ; Normal                         ; Normal                         ;
; Logic Cell Insertion - Logic Duplication               ; Auto                           ; Auto                           ;
; Auto Register Duplication                              ; Auto                           ; Auto                           ;
; Auto Global Clock                                      ; On                             ; On                             ;
; Auto Global Register Control Signals                   ; On                             ; On                             ;
; Stop After Congestion Map Generation                   ; Off                            ; Off                            ;
; Use smart compilation                                  ; Off                            ; Off                            ;
+--------------------------------------------------------+--------------------------------+--------------------------------+


+--------------+
; Pin-Out File ;
+--------------+
The pin-out file can be found in C:/scuba2_repository/sync_box/fpga_code/Synco.pin.


+------------------------------------------------------------------+
; Fitter Resource Usage Summary                                    ;
+---------------------------------------------+--------------------+
; Resource                                    ; Usage              ;
+---------------------------------------------+--------------------+
; Total logic elements                        ; 347 / 570 ( 61 % ) ;
;     -- Combinational with no register       ; 45                 ;
;     -- Register only                        ; 69                 ;
;     -- Combinational with a register        ; 233                ;
;                                             ;                    ;
; Logic element usage by number of LUT inputs ;                    ;
;     -- 4 input functions                    ; 72                 ;
;     -- 3 input functions                    ; 61                 ;
;     -- 2 input functions                    ; 81                 ;
;     -- 1 input functions                    ; 88                 ;
;     -- 0 input functions                    ; 45                 ;
;                                             ;                    ;
; Logic elements by mode                      ;                    ;
;     -- normal mode                          ; 276                ;
;     -- arithmetic mode                      ; 71                 ;
;     -- qfbk mode                            ; 17                 ;
;     -- register cascade mode                ; 0                  ;
;     -- synchronous clear/load mode          ; 135                ;
;     -- asynchronous clear/load mode         ; 291                ;
;                                             ;                    ;
; Total registers                             ; 302 / 570 ( 53 % ) ;
; Total LABs                                  ; 41 / 57 ( 72 % )   ;
; Logic elements in carry chains              ; 76                 ;
; User inserted logic elements                ; 0                  ;
; Virtual pins                                ; 0                  ;
; I/O pins                                    ; 74 / 116 ( 64 % )  ;
;     -- Clock pins                           ; 2                  ;
; Global signals                              ; 4                  ;
; UFM blocks                                  ; 0 / 1 ( 0 % )      ;
; Global clocks                               ; 4 / 4 ( 100 % )    ;
; Average interconnect usage                  ; 18%                ;
; Peak interconnect usage                     ; 18%                ;
; Maximum fan-out node                        ; PIO_Reset          ;
; Maximum fan-out                             ; 292                ;
; Highest non-global fan-out signal           ; PIO_Reset          ;
; Highest non-global fan-out                  ; 292                ;
; Total fan-out                               ; 1849               ;
; Average fan-out                             ; 4.39               ;
+---------------------------------------------+--------------------+


+--------------------------------------------------------------------------------------------------------------------------------------------------------------------------------------------------------------------+
; Input Pins                                                                                                                                                                                                         ;
+-------------+-------+----------+--------------+--------------+-------------+-----------------------+--------------------+--------+-----------------+----------+--------------+--------------+----------------------+
; Name        ; Pin # ; I/O Bank ; X coordinate ; Y coordinate ; Cell number ; Combinational Fan-Out ; Registered Fan-Out ; Global ; PCI I/O Enabled ; Bus Hold ; Weak Pull Up ; I/O Standard ; Location assigned by ;
+-------------+-------+----------+--------------+--------------+-------------+-----------------------+--------------------+--------+-----------------+----------+--------------+--------------+----------------------+
; AuxIn[1]    ; 96    ; 2        ; 13           ; 5            ; 5           ; 1                     ; 0                  ; no     ; no              ; no       ; Off          ; 3.3-V LVTTL  ; User                 ;
; AuxIn[2]    ; 95    ; 2        ; 13           ; 4            ; 0           ; 1                     ; 0                  ; no     ; no              ; no       ; Off          ; 3.3-V LVTTL  ; User                 ;
; AuxIn[3]    ; 94    ; 2        ; 13           ; 4            ; 1           ; 1                     ; 0                  ; no     ; no              ; no       ; Off          ; 3.3-V LVTTL  ; User                 ;
; AuxIn[4]    ; 93    ; 2        ; 13           ; 4            ; 2           ; 1                     ; 0                  ; no     ; no              ; no       ; Off          ; 3.3-V LVTTL  ; User                 ;
; AuxIn[5]    ; 88    ; 2        ; 13           ; 4            ; 5           ; 1                     ; 0                  ; no     ; no              ; no       ; Off          ; 3.3-V LVTTL  ; User                 ;
; AuxIn[6]    ; 87    ; 2        ; 13           ; 3            ; 0           ; 1                     ; 0                  ; no     ; no              ; no       ; Off          ; 3.3-V LVTTL  ; User                 ;
; AuxIn[7]    ; 86    ; 2        ; 13           ; 3            ; 1           ; 1                     ; 0                  ; no     ; no              ; no       ; Off          ; 3.3-V LVTTL  ; User                 ;
; AuxIn[8]    ; 85    ; 2        ; 13           ; 3            ; 2           ; 1                     ; 0                  ; no     ; no              ; no       ; Off          ; 3.3-V LVTTL  ; User                 ;
; CLK_EXT     ; 18    ; 1        ; 0            ; 5            ; 0           ; 0                     ; 0                  ; no     ; no              ; no       ; Off          ; 3.3-V LVTTL  ; User                 ;
; Clk100M     ; 20    ; 1        ; 0            ; 5            ; 1           ; 9                     ; 0                  ; yes    ; no              ; no       ; Off          ; 3.3-V LVTTL  ; User                 ;
; DV_RTS      ; 134   ; 2        ; 6            ; 8            ; 3           ; 2                     ; 0                  ; no     ; no              ; no       ; Off          ; 3.3-V LVTTL  ; User                 ;
; PIO_ADR[0]  ; 144   ; 2        ; 2            ; 8            ; 1           ; 1                     ; 0                  ; no     ; no              ; no       ; Off          ; 3.3-V LVTTL  ; User                 ;
; PIO_ADR[1]  ; 143   ; 2        ; 3            ; 8            ; 3           ; 1                     ; 0                  ; no     ; no              ; no       ; Off          ; 3.3-V LVTTL  ; User                 ;
; PIO_ADR[2]  ; 142   ; 2        ; 3            ; 8            ; 0           ; 1                     ; 0                  ; no     ; no              ; no       ; Off          ; 3.3-V LVTTL  ; User                 ;
; PIO_ADR[3]  ; 141   ; 2        ; 4            ; 8            ; 2           ; 1                     ; 0                  ; no     ; no              ; no       ; Off          ; 3.3-V LVTTL  ; User                 ;
; PIO_ADR[4]  ; 140   ; 2        ; 4            ; 8            ; 1           ; 1                     ; 0                  ; no     ; no              ; no       ; Off          ; 3.3-V LVTTL  ; User                 ;
; PIO_ADR[5]  ; 139   ; 2        ; 5            ; 8            ; 2           ; 1                     ; 0                  ; no     ; no              ; no       ; Off          ; 3.3-V LVTTL  ; User                 ;
; PIO_ADR[6]  ; 138   ; 2        ; 5            ; 8            ; 1           ; 1                     ; 0                  ; no     ; no              ; no       ; Off          ; 3.3-V LVTTL  ; User                 ;
; PIO_ADR[7]  ; 137   ; 2        ; 5            ; 8            ; 0           ; 1                     ; 0                  ; no     ; no              ; no       ; Off          ; 3.3-V LVTTL  ; User                 ;
; PIO_ALE     ; 15    ; 1        ; 0            ; 6            ; 5           ; 0                     ; 0                  ; no     ; no              ; no       ; Off          ; 3.3-V LVTTL  ; User                 ;
; PIO_Reset   ; 11    ; 1        ; 0            ; 6            ; 1           ; 292                   ; 0                  ; no     ; no              ; no       ; Off          ; 3.3-V LVTTL  ; User                 ;
; PIO_nEnable ; 12    ; 1        ; 0            ; 6            ; 2           ; 85                    ; 0                  ; no     ; no              ; no       ; Off          ; 3.3-V LVTTL  ; User                 ;
; PIO_nRD     ; 14    ; 1        ; 0            ; 6            ; 4           ; 1                     ; 0                  ; no     ; no              ; no       ; Off          ; 3.3-V LVTTL  ; User                 ;
; PIO_nWR     ; 13    ; 1        ; 0            ; 6            ; 3           ; 42                    ; 0                  ; yes    ; no              ; no       ; Off          ; 3.3-V LVTTL  ; User                 ;
; nPSEN       ; 28    ; 1        ; 0            ; 4            ; 2           ; 0                     ; 0                  ; no     ; no              ; no       ; Off          ; 3.3-V LVTTL  ; User                 ;
; nRST        ; 61    ; 1        ; 8            ; 3            ; 2           ; 0                     ; 0                  ; no     ; no              ; no       ; Off          ; 3.3-V LVTTL  ; User                 ;
+-------------+-------+----------+--------------+--------------+-------------+-----------------------+--------------------+--------+-----------------+----------+--------------+--------------+----------------------+


+-------------------------------------------------------------------------------------------------------------------------------------------------------------------------------------------------------------------------------------------------------------------------------------+
; Output Pins                                                                                                                                                                                                                                                                         ;
+----------------+-------+----------+--------------+--------------+-------------+-----------------+----------------+-----------------+------------+---------------+----------+--------------+--------------+------------------+------------------------+----------------------+-------+
; Name           ; Pin # ; I/O Bank ; X coordinate ; Y coordinate ; Cell number ; Output Register ; Slow Slew Rate ; PCI I/O Enabled ; Open Drain ; TRI Primitive ; Bus Hold ; Weak Pull Up ; I/O Standard ; Current Strength ; Fast Output Connection ; Location assigned by ; Load  ;
+----------------+-------+----------+--------------+--------------+-------------+-----------------+----------------+-----------------+------------+---------------+----------+--------------+--------------+------------------+------------------------+----------------------+-------+
; AuxOut[1]      ; 108   ; 2        ; 13           ; 7            ; 1           ; no              ; no             ; no              ; no         ; no            ; no       ; Off          ; 3.3-V LVTTL  ; 16mA             ; no                     ; User                 ; 10 pF ;
; AuxOut[2]      ; 107   ; 2        ; 13           ; 7            ; 3           ; no              ; no             ; no              ; no         ; no            ; no       ; Off          ; 3.3-V LVTTL  ; 16mA             ; no                     ; User                 ; 10 pF ;
; AuxOut[3]      ; 106   ; 2        ; 13           ; 7            ; 5           ; no              ; no             ; no              ; no         ; no            ; no       ; Off          ; 3.3-V LVTTL  ; 16mA             ; no                     ; User                 ; 10 pF ;
; AuxOut[4]      ; 105   ; 2        ; 13           ; 6            ; 1           ; no              ; no             ; no              ; no         ; no            ; no       ; Off          ; 3.3-V LVTTL  ; 16mA             ; no                     ; User                 ; 10 pF ;
; AuxOut[5]      ; 104   ; 2        ; 13           ; 6            ; 2           ; no              ; no             ; no              ; no         ; no            ; no       ; Off          ; 3.3-V LVTTL  ; 16mA             ; no                     ; User                 ; 10 pF ;
; AuxOut[6]      ; 103   ; 2        ; 13           ; 6            ; 5           ; no              ; no             ; no              ; no         ; no            ; no       ; Off          ; 3.3-V LVTTL  ; 16mA             ; no                     ; User                 ; 10 pF ;
; AuxOut[7]      ; 102   ; 2        ; 13           ; 5            ; 0           ; no              ; no             ; no              ; no         ; no            ; no       ; Off          ; 3.3-V LVTTL  ; 16mA             ; no                     ; User                 ; 10 pF ;
; AuxOut[8]      ; 101   ; 2        ; 13           ; 5            ; 2           ; no              ; no             ; no              ; no         ; no            ; no       ; Off          ; 3.3-V LVTTL  ; 16mA             ; no                     ; User                 ; 10 pF ;
; DV_Error_o     ; 120   ; 2        ; 9            ; 8            ; 2           ; no              ; no             ; no              ; no         ; no            ; no       ; Off          ; 3.3-V LVTTL  ; 16mA             ; no                     ; User                 ; 10 pF ;
; DV_OUT_FTS     ; 112   ; 2        ; 11           ; 8            ; 1           ; no              ; no             ; no              ; no         ; no            ; no       ; Off          ; 3.3-V LVTTL  ; 16mA             ; no                     ; User                 ; 10 pF ;
; DV_OUT_POL     ; 111   ; 2        ; 12           ; 8            ; 3           ; no              ; no             ; no              ; no         ; no            ; no       ; Off          ; 3.3-V LVTTL  ; 16mA             ; no                     ; User                 ; 10 pF ;
; DV_OUT_SPR1    ; 110   ; 2        ; 12           ; 8            ; 2           ; no              ; no             ; no              ; no         ; no            ; no       ; Off          ; 3.3-V LVTTL  ; 16mA             ; no                     ; User                 ; 10 pF ;
; DV_OUT_SPR2    ; 109   ; 2        ; 12           ; 8            ; 1           ; no              ; no             ; no              ; no         ; no            ; no       ; Off          ; 3.3-V LVTTL  ; 16mA             ; no                     ; User                 ; 10 pF ;
; FR_Mode        ; 119   ; 2        ; 9            ; 8            ; 1           ; no              ; no             ; no              ; no         ; no            ; no       ; Off          ; 3.3-V LVTTL  ; 16mA             ; no                     ; User                 ; 10 pF ;
; LED2           ; 118   ; 2        ; 9            ; 8            ; 0           ; no              ; no             ; no              ; no         ; no            ; no       ; Off          ; 3.3-V LVTTL  ; 16mA             ; no                     ; User                 ; 10 pF ;
; LED3           ; 117   ; 2        ; 10           ; 8            ; 3           ; no              ; no             ; no              ; no         ; no            ; no       ; Off          ; 3.3-V LVTTL  ; 16mA             ; no                     ; User                 ; 10 pF ;
; ManchOut1      ; 67    ; 1        ; 10           ; 0            ; 1           ; no              ; no             ; no              ; no         ; no            ; no       ; Off          ; 3.3-V LVTTL  ; 16mA             ; no                     ; User                 ; 10 pF ;
; ManchOut2      ; 66    ; 1        ; 10           ; 0            ; 2           ; no              ; no             ; no              ; no         ; no            ; no       ; Off          ; 3.3-V LVTTL  ; 16mA             ; no                     ; User                 ; 10 pF ;
; Manch_Clk      ; 69    ; 1        ; 11           ; 0            ; 2           ; no              ; no             ; no              ; no         ; no            ; no       ; Off          ; 3.3-V LVTTL  ; 16mA             ; no                     ; User                 ; 10 pF ;
; Manch_NRZ      ; 70    ; 1        ; 11           ; 0            ; 1           ; no              ; no             ; no              ; no         ; no            ; no       ; Off          ; 3.3-V LVTTL  ; 16mA             ; no                     ; User                 ; 10 pF ;
; PIO_INT0       ; 32    ; 1        ; 1            ; 3            ; 1           ; no              ; no             ; no              ; yes        ; no            ; no       ; Off          ; 3.3-V LVTTL  ; 16mA             ; no                     ; User                 ; 10 pF ;
; PIO_INT1       ; 31    ; 1        ; 1            ; 3            ; 3           ; no              ; no             ; no              ; yes        ; no            ; no       ; Off          ; 3.3-V LVTTL  ; 16mA             ; no                     ; User                 ; 10 pF ;
; PIO_T0         ; 30    ; 1        ; 0            ; 4            ; 5           ; no              ; no             ; no              ; yes        ; no            ; no       ; Off          ; 3.3-V LVTTL  ; 16mA             ; no                     ; User                 ; 10 pF ;
; PIO_T1         ; 29    ; 1        ; 0            ; 4            ; 3           ; no              ; no             ; no              ; yes        ; no            ; no       ; Off          ; 3.3-V LVTTL  ; 16mA             ; no                     ; User                 ; 10 pF ;
; TP_DV_Delayed  ; 38    ; 1        ; 2            ; 3            ; 2           ; no              ; no             ; no              ; no         ; no            ; no       ; Off          ; 3.3-V LVTTL  ; 16mA             ; no                     ; User                 ; 10 pF ;
; TP_DV_FreeRun  ; 37    ; 1        ; 2            ; 3            ; 3           ; no              ; no             ; no              ; no         ; no            ; no       ; Off          ; 3.3-V LVTTL  ; 16mA             ; no                     ; User                 ; 10 pF ;
; TP_SMA         ; 72    ; 1        ; 12           ; 0            ; 0           ; no              ; no             ; no              ; no         ; no            ; no       ; Off          ; 3.3-V LVTTL  ; 16mA             ; no                     ; User                 ; 10 pF ;
; TP_isAddr_Zero ; 39    ; 1        ; 2            ; 3            ; 0           ; no              ; no             ; no              ; no         ; no            ; no       ; Off          ; 3.3-V LVTTL  ; 16mA             ; no                     ; User                 ; 10 pF ;
; TestOut1[1]    ; 84    ; 2        ; 13           ; 3            ; 3           ; no              ; no             ; no              ; no         ; no            ; no       ; Off          ; 3.3-V LVTTL  ; 16mA             ; no                     ; User                 ; 10 pF ;
; TestOut1[2]    ; 81    ; 2        ; 13           ; 3            ; 5           ; no              ; no             ; no              ; no         ; no            ; no       ; Off          ; 3.3-V LVTTL  ; 16mA             ; no                     ; User                 ; 10 pF ;
; TestOut1[3]    ; 80    ; 2        ; 13           ; 2            ; 0           ; no              ; no             ; no              ; no         ; no            ; no       ; Off          ; 3.3-V LVTTL  ; 16mA             ; no                     ; User                 ; 10 pF ;
; TestOut1[4]    ; 79    ; 2        ; 13           ; 2            ; 1           ; no              ; no             ; no              ; no         ; no            ; no       ; Off          ; 3.3-V LVTTL  ; 16mA             ; no                     ; User                 ; 10 pF ;
; TestOut1[5]    ; 78    ; 2        ; 13           ; 2            ; 2           ; no              ; no             ; no              ; no         ; no            ; no       ; Off          ; 3.3-V LVTTL  ; 16mA             ; no                     ; User                 ; 10 pF ;
; TestOut1[6]    ; 77    ; 2        ; 13           ; 2            ; 4           ; no              ; no             ; no              ; no         ; no            ; no       ; Off          ; 3.3-V LVTTL  ; 16mA             ; no                     ; User                 ; 10 pF ;
; TestOut1[7]    ; 76    ; 2        ; 13           ; 1            ; 1           ; no              ; no             ; no              ; no         ; no            ; no       ; Off          ; 3.3-V LVTTL  ; 16mA             ; no                     ; User                 ; 10 pF ;
; TestOut1[8]    ; 75    ; 2        ; 13           ; 1            ; 3           ; no              ; no             ; no              ; no         ; no            ; no       ; Off          ; 3.3-V LVTTL  ; 16mA             ; no                     ; User                 ; 10 pF ;
; XX1            ; 122   ; 2        ; 8            ; 8            ; 1           ; no              ; no             ; no              ; no         ; no            ; no       ; Off          ; 3.3-V LVTTL  ; 16mA             ; no                     ; User                 ; 10 pF ;
; XX2            ; 123   ; 2        ; 8            ; 8            ; 2           ; no              ; no             ; no              ; no         ; no            ; no       ; Off          ; 3.3-V LVTTL  ; 16mA             ; no                     ; User                 ; 10 pF ;
; XX3            ; 124   ; 2        ; 8            ; 8            ; 3           ; no              ; no             ; no              ; no         ; no            ; no       ; Off          ; 3.3-V LVTTL  ; 16mA             ; no                     ; User                 ; 10 pF ;
; XX4            ; 125   ; 2        ; 7            ; 8            ; 0           ; no              ; no             ; no              ; no         ; no            ; no       ; Off          ; 3.3-V LVTTL  ; 16mA             ; no                     ; User                 ; 10 pF ;
+----------------+-------+----------+--------------+--------------+-------------+-----------------+----------------+-----------------+------------+---------------+----------+--------------+--------------+------------------+------------------------+----------------------+-------+


+-----------------------------------------------------------------------------------------------------------------------------------------------------------------------------------------------------------------------------------------------------------------------------------------------------------------------+
; Bidir Pins                                                                                                                                                                                                                                                                                                            ;
+------------+-------+----------+--------------+--------------+-------------+-----------------------+--------------------+--------+-----------------+----------------+-----------------+------------+----------+--------------+--------------+------------------+------------------------+----------------------+-------+
; Name       ; Pin # ; I/O Bank ; X coordinate ; Y coordinate ; Cell number ; Combinational Fan-Out ; Registered Fan-Out ; Global ; Output Register ; Slow Slew Rate ; PCI I/O Enabled ; Open Drain ; Bus Hold ; Weak Pull Up ; I/O Standard ; Current Strength ; Fast Output Connection ; Location assigned by ; Load  ;
+------------+-------+----------+--------------+--------------+-------------+-----------------------+--------------------+--------+-----------------+----------------+-----------------+------------+----------+--------------+--------------+------------------+------------------------+----------------------+-------+
; PIO_DAT[0] ; 1     ; 1        ; 2            ; 8            ; 3           ; 9                     ; 0                  ; no     ; no              ; no             ; no              ; no         ; no       ; Off          ; 3.3-V LVTTL  ; 16mA             ; no                     ; User                 ; 10 pF ;
; PIO_DAT[1] ; 2     ; 1        ; 1            ; 8            ; 0           ; 8                     ; 0                  ; no     ; no              ; no             ; no              ; no         ; no       ; Off          ; 3.3-V LVTTL  ; 16mA             ; no                     ; User                 ; 10 pF ;
; PIO_DAT[2] ; 3     ; 1        ; 1            ; 8            ; 2           ; 8                     ; 0                  ; no     ; no              ; no             ; no              ; no         ; no       ; Off          ; 3.3-V LVTTL  ; 16mA             ; no                     ; User                 ; 10 pF ;
; PIO_DAT[3] ; 4     ; 1        ; 0            ; 7            ; 0           ; 6                     ; 0                  ; no     ; no              ; no             ; no              ; no         ; no       ; Off          ; 3.3-V LVTTL  ; 16mA             ; no                     ; User                 ; 10 pF ;
; PIO_DAT[4] ; 5     ; 1        ; 0            ; 7            ; 2           ; 6                     ; 0                  ; no     ; no              ; no             ; no              ; no         ; no       ; Off          ; 3.3-V LVTTL  ; 16mA             ; no                     ; User                 ; 10 pF ;
; PIO_DAT[5] ; 6     ; 1        ; 0            ; 7            ; 3           ; 6                     ; 0                  ; no     ; no              ; no             ; no              ; no         ; no       ; Off          ; 3.3-V LVTTL  ; 16mA             ; no                     ; User                 ; 10 pF ;
; PIO_DAT[6] ; 7     ; 1        ; 0            ; 7            ; 4           ; 6                     ; 0                  ; no     ; no              ; no             ; no              ; no         ; no       ; Off          ; 3.3-V LVTTL  ; 16mA             ; no                     ; User                 ; 10 pF ;
; PIO_DAT[7] ; 8     ; 1        ; 0            ; 7            ; 5           ; 6                     ; 0                  ; no     ; no              ; no             ; no              ; no         ; no       ; Off          ; 3.3-V LVTTL  ; 16mA             ; no                     ; User                 ; 10 pF ;
+------------+-------+----------+--------------+--------------+-------------+-----------------------+--------------------+--------+-----------------+----------------+-----------------+------------+----------+--------------+--------------+------------------+------------------------+----------------------+-------+


+------------------------------------------------------------+
; I/O Bank Usage                                             ;
+----------+------------------+---------------+--------------+
; I/O Bank ; Usage            ; VCCIO Voltage ; VREF Voltage ;
+----------+------------------+---------------+--------------+
; 1        ; 29 / 56 ( 52 % ) ; 3.3V          ; --           ;
; 2        ; 45 / 60 ( 75 % ) ; 3.3V          ; --           ;
+----------+------------------+---------------+--------------+


+----------------------------------------------------------------------------------------------------------------------------------------------+
; All Package Pins                                                                                                                             ;
+----------+------------+----------+----------------+--------+--------------+---------+------------+-----------------+----------+--------------+
; Location ; Pad Number ; I/O Bank ; Pin Name/Usage ; Dir.   ; I/O Standard ; Voltage ; I/O Type   ; User Assignment ; Bus Hold ; Weak Pull Up ;
+----------+------------+----------+----------------+--------+--------------+---------+------------+-----------------+----------+--------------+
; 1        ; 1          ; 1        ; PIO_DAT[0]     ; bidir  ; 3.3-V LVTTL  ;         ; Column I/O ; Y               ; no       ; Off          ;
; 2        ; 2          ; 1        ; PIO_DAT[1]     ; bidir  ; 3.3-V LVTTL  ;         ; Column I/O ; Y               ; no       ; Off          ;
; 3        ; 4          ; 1        ; PIO_DAT[2]     ; bidir  ; 3.3-V LVTTL  ;         ; Column I/O ; Y               ; no       ; Off          ;
; 4        ; 6          ; 1        ; PIO_DAT[3]     ; bidir  ; 3.3-V LVTTL  ;         ; Row I/O    ; Y               ; no       ; Off          ;
; 5        ; 8          ; 1        ; PIO_DAT[4]     ; bidir  ; 3.3-V LVTTL  ;         ; Row I/O    ; Y               ; no       ; Off          ;
; 6        ; 9          ; 1        ; PIO_DAT[5]     ; bidir  ; 3.3-V LVTTL  ;         ; Row I/O    ; Y               ; no       ; Off          ;
; 7        ; 10         ; 1        ; PIO_DAT[6]     ; bidir  ; 3.3-V LVTTL  ;         ; Row I/O    ; Y               ; no       ; Off          ;
; 8        ; 11         ; 1        ; PIO_DAT[7]     ; bidir  ; 3.3-V LVTTL  ;         ; Row I/O    ; Y               ; no       ; Off          ;
; 9        ;            ; 1        ; VCCIO1         ; power  ;              ; 3.3V    ; --         ;                 ; --       ; --           ;
; 10       ;            ;          ; GNDIO          ; gnd    ;              ;         ; --         ;                 ; --       ; --           ;
; 11       ; 14         ; 1        ; PIO_Reset      ; input  ; 3.3-V LVTTL  ;         ; Row I/O    ; Y               ; no       ; Off          ;
; 12       ; 15         ; 1        ; PIO_nEnable    ; input  ; 3.3-V LVTTL  ;         ; Row I/O    ; Y               ; no       ; Off          ;
; 13       ; 16         ; 1        ; PIO_nWR        ; input  ; 3.3-V LVTTL  ;         ; Row I/O    ; Y               ; no       ; Off          ;
; 14       ; 17         ; 1        ; PIO_nRD        ; input  ; 3.3-V LVTTL  ;         ; Row I/O    ; Y               ; no       ; Off          ;
; 15       ; 18         ; 1        ; PIO_ALE        ; input  ; 3.3-V LVTTL  ;         ; Row I/O    ; Y               ; no       ; Off          ;
; 16       ; 19         ; 1        ; GND*           ;        ;              ;         ; Row I/O    ;                 ; no       ; Off          ;
; 17       ;            ;          ; GNDINT         ; gnd    ;              ;         ; --         ;                 ; --       ; --           ;
; 18       ; 20         ; 1        ; CLK_EXT        ; input  ; 3.3-V LVTTL  ;         ; Row I/O    ; Y               ; no       ; Off          ;
; 19       ;            ;          ; VCCINT         ; power  ;              ; 3.3V    ; --         ;                 ; --       ; --           ;
; 20       ; 21         ; 1        ; Clk100M        ; input  ; 3.3-V LVTTL  ;         ; Row I/O    ; Y               ; no       ; Off          ;
; 21       ; 22         ; 1        ; GND*           ;        ;              ;         ; Row I/O    ;                 ; no       ; Off          ;
; 22       ; 23         ; 1        ; GND*           ;        ;              ;         ; Row I/O    ;                 ; no       ; Off          ;
; 23       ; 24         ; 1        ; GND*           ;        ;              ;         ; Row I/O    ;                 ; no       ; Off          ;
; 24       ; 25         ; 1        ; GND*           ;        ;              ;         ; Row I/O    ;                 ; no       ; Off          ;
; 25       ;            ; 1        ; VCCIO1         ; power  ;              ; 3.3V    ; --         ;                 ; --       ; --           ;
; 26       ;            ;          ; GNDIO          ; gnd    ;              ;         ; --         ;                 ; --       ; --           ;
; 27       ; 27         ; 1        ; GND*           ;        ;              ;         ; Row I/O    ;                 ; no       ; Off          ;
; 28       ; 29         ; 1        ; nPSEN          ; input  ; 3.3-V LVTTL  ;         ; Row I/O    ; Y               ; no       ; Off          ;
; 29       ; 30         ; 1        ; PIO_T1         ; output ; 3.3-V LVTTL  ;         ; Row I/O    ; Y               ; no       ; Off          ;
; 30       ; 32         ; 1        ; PIO_T0         ; output ; 3.3-V LVTTL  ;         ; Row I/O    ; Y               ; no       ; Off          ;
; 31       ; 34         ; 1        ; PIO_INT1       ; output ; 3.3-V LVTTL  ;         ; Column I/O ; Y               ; no       ; Off          ;
; 32       ; 36         ; 1        ; PIO_INT0       ; output ; 3.3-V LVTTL  ;         ; Column I/O ; Y               ; no       ; Off          ;
; 33       ; 38         ; 1        ; #TMS           ; input  ;              ;         ; --         ;                 ; --       ; --           ;
; 34       ; 39         ; 1        ; #TDI           ; input  ;              ;         ; --         ;                 ; --       ; --           ;
; 35       ; 40         ; 1        ; #TCK           ; input  ;              ;         ; --         ;                 ; --       ; --           ;
; 36       ; 41         ; 1        ; #TDO           ; output ;              ;         ; --         ;                 ; --       ; --           ;
; 37       ; 42         ; 1        ; TP_DV_FreeRun  ; output ; 3.3-V LVTTL  ;         ; Column I/O ; Y               ; no       ; Off          ;
; 38       ; 43         ; 1        ; TP_DV_Delayed  ; output ; 3.3-V LVTTL  ;         ; Column I/O ; Y               ; no       ; Off          ;
; 39       ; 45         ; 1        ; TP_isAddr_Zero ; output ; 3.3-V LVTTL  ;         ; Column I/O ; Y               ; no       ; Off          ;
; 40       ; 47         ; 1        ; GND*           ;        ;              ;         ; Column I/O ;                 ; no       ; Off          ;
; 41       ; 48         ; 1        ; GND*           ;        ;              ;         ; Column I/O ;                 ; no       ; Off          ;
; 42       ; 50         ; 1        ; GND*           ;        ;              ;         ; Column I/O ;                 ; no       ; Off          ;
; 43       ; 51         ; 1        ; GND*           ;        ;              ;         ; Column I/O ;                 ; no       ; Off          ;
; 44       ; 52         ; 1        ; GND*           ;        ;              ;         ; Column I/O ;                 ; no       ; Off          ;
; 45       ; 55         ; 1        ; GND*           ;        ;              ;         ; Column I/O ;                 ; no       ; Off          ;
; 46       ;            ; 1        ; VCCIO1         ; power  ;              ; 3.3V    ; --         ;                 ; --       ; --           ;
; 47       ;            ;          ; GNDIO          ; gnd    ;              ;         ; --         ;                 ; --       ; --           ;
; 48       ; 56         ; 1        ; GND*           ;        ;              ;         ; Column I/O ;                 ; no       ; Off          ;
; 49       ; 57         ; 1        ; GND*           ;        ;              ;         ; Column I/O ;                 ; no       ; Off          ;
; 50       ; 58         ; 1        ; GND*           ;        ;              ;         ; Column I/O ;                 ; no       ; Off          ;
; 51       ; 59         ; 1        ; GND*           ;        ;              ;         ; Column I/O ;                 ; no       ; Off          ;
; 52       ; 60         ; 1        ; GND*           ;        ;              ;         ; Column I/O ;                 ; no       ; Off          ;
; 53       ; 61         ; 1        ; GND*           ;        ;              ;         ; Column I/O ;                 ; no       ; Off          ;
; 54       ;            ;          ; GNDINT         ; gnd    ;              ;         ; --         ;                 ; --       ; --           ;
; 55       ; 62         ; 1        ; GND*           ;        ;              ;         ; Column I/O ;                 ; no       ; Off          ;
; 56       ;            ;          ; VCCINT         ; power  ;              ; 3.3V    ; --         ;                 ; --       ; --           ;
; 57       ; 63         ; 1        ; GND*           ;        ;              ;         ; Column I/O ;                 ; no       ; Off          ;
; 58       ; 64         ; 1        ; GND*           ;        ;              ;         ; Column I/O ;                 ; no       ; Off          ;
; 59       ; 65         ; 1        ; GND*           ;        ;              ;         ; Column I/O ;                 ; no       ; Off          ;
; 60       ; 66         ; 1        ; GND*           ;        ;              ;         ; Column I/O ;                 ; no       ; Off          ;
; 61       ; 67         ; 1        ; nRST           ; input  ; 3.3-V LVTTL  ;         ; Column I/O ; Y               ; no       ; Off          ;
; 62       ; 68         ; 1        ; GND*           ;        ;              ;         ; Column I/O ;                 ; no       ; Off          ;
; 63       ; 69         ; 1        ; GND*           ;        ;              ;         ; Column I/O ;                 ; no       ; Off          ;
; 64       ;            ; 1        ; VCCIO1         ; power  ;              ; 3.3V    ; --         ;                 ; --       ; --           ;
; 65       ;            ;          ; GNDIO          ; gnd    ;              ;         ; --         ;                 ; --       ; --           ;
; 66       ; 71         ; 1        ; ManchOut2      ; output ; 3.3-V LVTTL  ;         ; Column I/O ; Y               ; no       ; Off          ;
; 67       ; 72         ; 1        ; ManchOut1      ; output ; 3.3-V LVTTL  ;         ; Column I/O ; Y               ; no       ; Off          ;
; 68       ; 73         ; 1        ; GND*           ;        ;              ;         ; Column I/O ;                 ; no       ; Off          ;
; 69       ; 75         ; 1        ; Manch_Clk      ; output ; 3.3-V LVTTL  ;         ; Column I/O ; Y               ; no       ; Off          ;
; 70       ; 76         ; 1        ; Manch_NRZ      ; output ; 3.3-V LVTTL  ;         ; Column I/O ; Y               ; no       ; Off          ;
; 71       ; 79         ; 1        ; GND*           ;        ;              ;         ; Column I/O ;                 ; no       ; Off          ;
; 72       ; 81         ; 1        ; TP_SMA         ; output ; 3.3-V LVTTL  ;         ; Column I/O ; Y               ; no       ; Off          ;
; 73       ; 82         ; 2        ; GND*           ;        ;              ;         ; Row I/O    ;                 ; no       ; Off          ;
; 74       ; 83         ; 2        ; GND*           ;        ;              ;         ; Row I/O    ;                 ; no       ; Off          ;
; 75       ; 84         ; 2        ; TestOut1[8]    ; output ; 3.3-V LVTTL  ;         ; Row I/O    ; Y               ; no       ; Off          ;
; 76       ; 86         ; 2        ; TestOut1[7]    ; output ; 3.3-V LVTTL  ;         ; Row I/O    ; Y               ; no       ; Off          ;
; 77       ; 89         ; 2        ; TestOut1[6]    ; output ; 3.3-V LVTTL  ;         ; Row I/O    ; Y               ; no       ; Off          ;
; 78       ; 91         ; 2        ; TestOut1[5]    ; output ; 3.3-V LVTTL  ;         ; Row I/O    ; Y               ; no       ; Off          ;
; 79       ; 92         ; 2        ; TestOut1[4]    ; output ; 3.3-V LVTTL  ;         ; Row I/O    ; Y               ; no       ; Off          ;
; 80       ; 93         ; 2        ; TestOut1[3]    ; output ; 3.3-V LVTTL  ;         ; Row I/O    ; Y               ; no       ; Off          ;
; 81       ; 94         ; 2        ; TestOut1[2]    ; output ; 3.3-V LVTTL  ;         ; Row I/O    ; Y               ; no       ; Off          ;
; 82       ;            ; 2        ; VCCIO2         ; power  ;              ; 3.3V    ; --         ;                 ; --       ; --           ;
; 83       ;            ;          ; GNDIO          ; gnd    ;              ;         ; --         ;                 ; --       ; --           ;
; 84       ; 96         ; 2        ; TestOut1[1]    ; output ; 3.3-V LVTTL  ;         ; Row I/O    ; Y               ; no       ; Off          ;
; 85       ; 97         ; 2        ; AuxIn[8]       ; input  ; 3.3-V LVTTL  ;         ; Row I/O    ; Y               ; no       ; Off          ;
; 86       ; 98         ; 2        ; AuxIn[7]       ; input  ; 3.3-V LVTTL  ;         ; Row I/O    ; Y               ; no       ; Off          ;
; 87       ; 99         ; 2        ; AuxIn[6]       ; input  ; 3.3-V LVTTL  ;         ; Row I/O    ; Y               ; no       ; Off          ;
; 88       ; 100        ; 2        ; AuxIn[5]       ; input  ; 3.3-V LVTTL  ;         ; Row I/O    ; Y               ; no       ; Off          ;
; 89       ; 101        ; 2        ; GND*           ;        ;              ;         ; Row I/O    ;                 ; no       ; Off          ;
; 90       ;            ;          ; VCCINT         ; power  ;              ; 3.3V    ; --         ;                 ; --       ; --           ;
; 91       ; 102        ; 2        ; GND*           ;        ;              ;         ; Row I/O    ;                 ; no       ; Off          ;
; 92       ;            ;          ; GNDINT         ; gnd    ;              ;         ; --         ;                 ; --       ; --           ;
; 93       ; 103        ; 2        ; AuxIn[4]       ; input  ; 3.3-V LVTTL  ;         ; Row I/O    ; Y               ; no       ; Off          ;
; 94       ; 104        ; 2        ; AuxIn[3]       ; input  ; 3.3-V LVTTL  ;         ; Row I/O    ; Y               ; no       ; Off          ;
; 95       ; 105        ; 2        ; AuxIn[2]       ; input  ; 3.3-V LVTTL  ;         ; Row I/O    ; Y               ; no       ; Off          ;
; 96       ; 106        ; 2        ; AuxIn[1]       ; input  ; 3.3-V LVTTL  ;         ; Row I/O    ; Y               ; no       ; Off          ;
; 97       ; 107        ; 2        ; GND*           ;        ;              ;         ; Row I/O    ;                 ; no       ; Off          ;
; 98       ; 108        ; 2        ; GND*           ;        ;              ;         ; Row I/O    ;                 ; no       ; Off          ;
; 99       ;            ;          ; GNDIO          ; gnd    ;              ;         ; --         ;                 ; --       ; --           ;
; 100      ;            ; 2        ; VCCIO2         ; power  ;              ; 3.3V    ; --         ;                 ; --       ; --           ;
; 101      ; 109        ; 2        ; AuxOut[8]      ; output ; 3.3-V LVTTL  ;         ; Row I/O    ; Y               ; no       ; Off          ;
; 102      ; 111        ; 2        ; AuxOut[7]      ; output ; 3.3-V LVTTL  ;         ; Row I/O    ; Y               ; no       ; Off          ;
; 103      ; 112        ; 2        ; AuxOut[6]      ; output ; 3.3-V LVTTL  ;         ; Row I/O    ; Y               ; no       ; Off          ;
; 104      ; 115        ; 2        ; AuxOut[5]      ; output ; 3.3-V LVTTL  ;         ; Row I/O    ; Y               ; no       ; Off          ;
; 105      ; 116        ; 2        ; AuxOut[4]      ; output ; 3.3-V LVTTL  ;         ; Row I/O    ; Y               ; no       ; Off          ;
; 106      ; 118        ; 2        ; AuxOut[3]      ; output ; 3.3-V LVTTL  ;         ; Row I/O    ; Y               ; no       ; Off          ;
; 107      ; 120        ; 2        ; AuxOut[2]      ; output ; 3.3-V LVTTL  ;         ; Row I/O    ; Y               ; no       ; Off          ;
; 108      ; 122        ; 2        ; AuxOut[1]      ; output ; 3.3-V LVTTL  ;         ; Row I/O    ; Y               ; no       ; Off          ;
; 109      ; 125        ; 2        ; DV_OUT_SPR2    ; output ; 3.3-V LVTTL  ;         ; Column I/O ; Y               ; no       ; Off          ;
; 110      ; 126        ; 2        ; DV_OUT_SPR1    ; output ; 3.3-V LVTTL  ;         ; Column I/O ; Y               ; no       ; Off          ;
; 111      ; 127        ; 2        ; DV_OUT_POL     ; output ; 3.3-V LVTTL  ;         ; Column I/O ; Y               ; no       ; Off          ;
; 112      ; 129        ; 2        ; DV_OUT_FTS     ; output ; 3.3-V LVTTL  ;         ; Column I/O ; Y               ; no       ; Off          ;
; 113      ; 131        ; 2        ; GND*           ;        ;              ;         ; Column I/O ;                 ; no       ; Off          ;
; 114      ; 133        ; 2        ; GND*           ;        ;              ;         ; Column I/O ;                 ; no       ; Off          ;
; 115      ;            ;          ; GNDIO          ; gnd    ;              ;         ; --         ;                 ; --       ; --           ;
; 116      ;            ; 2        ; VCCIO2         ; power  ;              ; 3.3V    ; --         ;                 ; --       ; --           ;
; 117      ; 135        ; 2        ; LED3           ; output ; 3.3-V LVTTL  ;         ; Column I/O ; Y               ; no       ; Off          ;
; 118      ; 136        ; 2        ; LED2           ; output ; 3.3-V LVTTL  ;         ; Column I/O ; Y               ; no       ; Off          ;
; 119      ; 137        ; 2        ; FR_Mode        ; output ; 3.3-V LVTTL  ;         ; Column I/O ; Y               ; no       ; Off          ;
; 120      ; 138        ; 2        ; DV_Error_o     ; output ; 3.3-V LVTTL  ;         ; Column I/O ; Y               ; no       ; Off          ;
; 121      ; 139        ; 2        ; GND*           ;        ;              ;         ; Column I/O ;                 ; no       ; Off          ;
; 122      ; 140        ; 2        ; XX1            ; output ; 3.3-V LVTTL  ;         ; Column I/O ; Y               ; no       ; Off          ;
; 123      ; 141        ; 2        ; XX2            ; output ; 3.3-V LVTTL  ;         ; Column I/O ; Y               ; no       ; Off          ;
; 124      ; 142        ; 2        ; XX3            ; output ; 3.3-V LVTTL  ;         ; Column I/O ; Y               ; no       ; Off          ;
; 125      ; 143        ; 2        ; XX4            ; output ; 3.3-V LVTTL  ;         ; Column I/O ; Y               ; no       ; Off          ;
; 126      ;            ;          ; VCCINT         ; power  ;              ; 3.3V    ; --         ;                 ; --       ; --           ;
; 127      ; 144        ; 2        ; GND*           ;        ;              ;         ; Column I/O ;                 ; no       ; Off          ;
; 128      ;            ;          ; GNDINT         ; gnd    ;              ;         ; --         ;                 ; --       ; --           ;
; 129      ; 145        ; 2        ; GND*           ;        ;              ;         ; Column I/O ;                 ; no       ; Off          ;
; 130      ; 146        ; 2        ; GND*           ;        ;              ;         ; Column I/O ;                 ; no       ; Off          ;
; 131      ; 147        ; 2        ; GND*           ;        ;              ;         ; Column I/O ;                 ; no       ; Off          ;
; 132      ; 148        ; 2        ; GND*           ;        ;              ;         ; Column I/O ;                 ; no       ; Off          ;
; 133      ; 149        ; 2        ; GND*           ;        ;              ;         ; Column I/O ;                 ; no       ; Off          ;
; 134      ; 150        ; 2        ; DV_RTS         ; input  ; 3.3-V LVTTL  ;         ; Column I/O ; Y               ; no       ; Off          ;
; 135      ;            ;          ; GNDIO          ; gnd    ;              ;         ; --         ;                 ; --       ; --           ;
; 136      ;            ; 2        ; VCCIO2         ; power  ;              ; 3.3V    ; --         ;                 ; --       ; --           ;
; 137      ; 151        ; 2        ; PIO_ADR[7]     ; input  ; 3.3-V LVTTL  ;         ; Column I/O ; Y               ; no       ; Off          ;
; 138      ; 152        ; 2        ; PIO_ADR[6]     ; input  ; 3.3-V LVTTL  ;         ; Column I/O ; Y               ; no       ; Off          ;
; 139      ; 153        ; 2        ; PIO_ADR[5]     ; input  ; 3.3-V LVTTL  ;         ; Column I/O ; Y               ; no       ; Off          ;
; 140      ; 155        ; 2        ; PIO_ADR[4]     ; input  ; 3.3-V LVTTL  ;         ; Column I/O ; Y               ; no       ; Off          ;
; 141      ; 156        ; 2        ; PIO_ADR[3]     ; input  ; 3.3-V LVTTL  ;         ; Column I/O ; Y               ; no       ; Off          ;
; 142      ; 158        ; 2        ; PIO_ADR[2]     ; input  ; 3.3-V LVTTL  ;         ; Column I/O ; Y               ; no       ; Off          ;
; 143      ; 161        ; 2        ; PIO_ADR[1]     ; input  ; 3.3-V LVTTL  ;         ; Column I/O ; Y               ; no       ; Off          ;
; 144      ; 163        ; 2        ; PIO_ADR[0]     ; input  ; 3.3-V LVTTL  ;         ; Column I/O ; Y               ; no       ; Off          ;
+----------+------------+----------+----------------+--------+--------------+---------+------------+-----------------+----------+--------------+


+-------------------------------------------------------------+
; Output Pin Default Load For Reported TCO                    ;
+----------------------------+-------+------------------------+
; I/O Standard               ; Load  ; Termination Resistance ;
+----------------------------+-------+------------------------+
; 3.3-V LVTTL                ; 10 pF ; Not Available          ;
; 3.3-V LVCMOS               ; 10 pF ; Not Available          ;
; 2.5 V                      ; 10 pF ; Not Available          ;
; 1.8 V                      ; 10 pF ; Not Available          ;
; 1.5 V                      ; 10 pF ; Not Available          ;
; 3.3V Schmitt Trigger Input ; 10 pF ; Not Available          ;
; 2.5V Schmitt Trigger Input ; 10 pF ; Not Available          ;
+----------------------------+-------+------------------------+
Note: User assignments will override these defaults. The user specified values are listed in the Output Pins and Bidir Pins tables.


+---------------------------------------------------------------------------------------------------------------------------------------------------------------------------------------------------------------+
; Fitter Resource Utilization by Entity                                                                                                                                                                         ;
+----------------------------+-------------+--------------+------------+------+--------------+--------------+-------------------+------------------+-----------------+------------+-----------------------------+
; Compilation Hierarchy Node ; Logic Cells ; LC Registers ; UFM Blocks ; Pins ; Virtual Pins ; LUT-Only LCs ; Register-Only LCs ; LUT/Register LCs ; Carry Chain LCs ; Packed LCs ; Full Hierarchy Name         ;
+----------------------------+-------------+--------------+------------+------+--------------+--------------+-------------------+------------------+-----------------+------------+-----------------------------+
; |SyncBox                   ; 347 (1)     ; 302          ; 0          ; 74   ; 0            ; 45 (1)       ; 69 (0)            ; 233 (0)          ; 76 (0)          ; 17 (0)     ; |SyncBox                    ;
;    |ClkDiv:clkd|           ; 11 (11)     ; 9            ; 0          ; 0    ; 0            ; 2 (2)        ; 1 (1)             ; 8 (8)            ; 5 (5)           ; 0 (0)      ; |SyncBox|ClkDiv:clkd        ;
;    |FreeRun:freerun|       ; 35 (35)     ; 25           ; 0          ; 0    ; 0            ; 10 (10)      ; 7 (7)             ; 18 (18)          ; 12 (12)         ; 0 (0)      ; |SyncBox|FreeRun:freerun    ;
;    |ManchEncode:mancho|    ; 185 (185)   ; 176          ; 0          ; 0    ; 0            ; 9 (9)        ; 6 (6)             ; 170 (170)        ; 39 (39)         ; 7 (7)      ; |SyncBox|ManchEncode:mancho ;
;    |PIO_Interface:pio|     ; 62 (62)     ; 51           ; 0          ; 0    ; 0            ; 11 (11)      ; 43 (43)           ; 8 (8)            ; 0 (0)           ; 5 (5)      ; |SyncBox|PIO_Interface:pio  ;
;    |Sync_Len:synco|        ; 53 (53)     ; 41           ; 0          ; 0    ; 0            ; 12 (12)      ; 12 (12)           ; 29 (29)          ; 20 (20)         ; 5 (5)      ; |SyncBox|Sync_Len:synco     ;
+----------------------------+-------------+--------------+------------+------+--------------+--------------+-------------------+------------------+-----------------+------------+-----------------------------+
Note: For table entries with two numbers listed, the numbers in parentheses indicate the number of resources of the given type used by the specific entity alone. The numbers listed outside of parentheses indicate the total resources of the given type used by the specific entity and all of its sub-entities in the hierarchy.


+-------------------------------------------+
; Delay Chain Summary                       ;
+----------------+----------+---------------+
; Name           ; Pin Type ; Pad to Core 0 ;
+----------------+----------+---------------+
; PIO_ALE        ; Input    ; 0             ;
; CLK_EXT        ; Input    ; 0             ;
; nRST           ; Input    ; 0             ;
; nPSEN          ; Input    ; 0             ;
; DV_RTS         ; Input    ; 1             ;
; Clk100M        ; Input    ; 0             ;
; PIO_Reset      ; Input    ; 1             ;
; PIO_nEnable    ; Input    ; 1             ;
; PIO_nWR        ; Input    ; 0             ;
; PIO_ADR[2]     ; Input    ; 1             ;
; PIO_ADR[3]     ; Input    ; 1             ;
; PIO_ADR[6]     ; Input    ; 1             ;
; PIO_ADR[7]     ; Input    ; 1             ;
; PIO_ADR[4]     ; Input    ; 1             ;
; PIO_ADR[1]     ; Input    ; 1             ;
; PIO_ADR[0]     ; Input    ; 1             ;
; PIO_ADR[5]     ; Input    ; 1             ;
; AuxIn[8]       ; Input    ; 1             ;
; PIO_nRD        ; Input    ; 1             ;
; AuxIn[7]       ; Input    ; 1             ;
; AuxIn[6]       ; Input    ; 1             ;
; AuxIn[5]       ; Input    ; 1             ;
; AuxIn[4]       ; Input    ; 1             ;
; AuxIn[3]       ; Input    ; 1             ;
; AuxIn[2]       ; Input    ; 1             ;
; AuxIn[1]       ; Input    ; 1             ;
; PIO_INT0       ; Output   ; --            ;
; PIO_INT1       ; Output   ; --            ;
; PIO_T0         ; Output   ; --            ;
; PIO_T1         ; Output   ; --            ;
; ManchOut1      ; Output   ; --            ;
; ManchOut2      ; Output   ; --            ;
; Manch_Clk      ; Output   ; --            ;
; Manch_NRZ      ; Output   ; --            ;
; DV_OUT_FTS     ; Output   ; --            ;
; DV_OUT_POL     ; Output   ; --            ;
; DV_OUT_SPR1    ; Output   ; --            ;
; DV_OUT_SPR2    ; Output   ; --            ;
; TP_SMA         ; Output   ; --            ;
; LED2           ; Output   ; --            ;
; LED3           ; Output   ; --            ;
; XX1            ; Output   ; --            ;
; XX2            ; Output   ; --            ;
; XX3            ; Output   ; --            ;
; XX4            ; Output   ; --            ;
; FR_Mode        ; Output   ; --            ;
; TP_isAddr_Zero ; Output   ; --            ;
; TP_DV_Delayed  ; Output   ; --            ;
; TP_DV_FreeRun  ; Output   ; --            ;
; DV_Error_o     ; Output   ; --            ;
; AuxOut[8]      ; Output   ; --            ;
; AuxOut[7]      ; Output   ; --            ;
; AuxOut[6]      ; Output   ; --            ;
; AuxOut[5]      ; Output   ; --            ;
; AuxOut[4]      ; Output   ; --            ;
; AuxOut[3]      ; Output   ; --            ;
; AuxOut[2]      ; Output   ; --            ;
; AuxOut[1]      ; Output   ; --            ;
; TestOut1[8]    ; Output   ; --            ;
; TestOut1[7]    ; Output   ; --            ;
; TestOut1[6]    ; Output   ; --            ;
; TestOut1[5]    ; Output   ; --            ;
; TestOut1[4]    ; Output   ; --            ;
; TestOut1[3]    ; Output   ; --            ;
; TestOut1[2]    ; Output   ; --            ;
; TestOut1[1]    ; Output   ; --            ;
; PIO_DAT[7]     ; Bidir    ; 1             ;
; PIO_DAT[6]     ; Bidir    ; 1             ;
; PIO_DAT[5]     ; Bidir    ; 1             ;
; PIO_DAT[4]     ; Bidir    ; 1             ;
; PIO_DAT[3]     ; Bidir    ; 1             ;
; PIO_DAT[2]     ; Bidir    ; 1             ;
; PIO_DAT[1]     ; Bidir    ; 1             ;
; PIO_DAT[0]     ; Bidir    ; 1             ;
+----------------+----------+---------------+


+-------------------------------------------------------------------------------------------------------------------------------------------------+
; Control Signals                                                                                                                                 ;
+----------------------------------------+--------------+---------+----------------------------+--------+----------------------+------------------+
; Name                                   ; Location     ; Fan-Out ; Usage                      ; Global ; Global Resource Used ; Global Line Name ;
+----------------------------------------+--------------+---------+----------------------------+--------+----------------------+------------------+
; Clk100M                                ; PIN_20       ; 9       ; Clock                      ; yes    ; Global Clock         ; GCLK1            ;
; ClkDiv:clkd|Clk25M                     ; LC_X10_Y3_N2 ; 213     ; Clock                      ; yes    ; Global Clock         ; GCLK0            ;
; ClkDiv:clkd|Clk50M                     ; LC_X10_Y3_N6 ; 3       ; Clock                      ; no     ; --                   ; --               ;
; ClkDiv:clkd|Clk5M                      ; LC_X10_Y3_N4 ; 42      ; Clock                      ; yes    ; Global Clock         ; GCLK2            ;
; ClkDiv:clkd|LessThan0~65               ; LC_X12_Y3_N7 ; 5       ; Sync. clear                ; no     ; --                   ; --               ;
; FreeRun:freerun|Equal0~109             ; LC_X5_Y5_N0  ; 12      ; Sync. load                 ; no     ; --                   ; --               ;
; FreeRun:freerun|dwncnt~20              ; LC_X6_Y4_N8  ; 16      ; Clock enable               ; no     ; --                   ; --               ;
; ManchEncode:mancho|DV_Cntr[19]~1495    ; LC_X7_Y6_N3  ; 32      ; Clock enable               ; no     ; --                   ; --               ;
; ManchEncode:mancho|DV_Delayed          ; LC_X6_Y4_N6  ; 41      ; Sync. load                 ; no     ; --                   ; --               ;
; ManchEncode:mancho|Shift5Load[32]~2277 ; LC_X11_Y6_N1 ; 35      ; Clock enable               ; no     ; --                   ; --               ;
; ManchEncode:mancho|Shift5Rdy           ; LC_X6_Y4_N0  ; 42      ; Sync. load                 ; no     ; --                   ; --               ;
; ManchEncode:mancho|stout[2]~545        ; LC_X10_Y2_N8 ; 7       ; Clock enable               ; no     ; --                   ; --               ;
; PIO_Interface:pio|AuxInGet~0           ; LC_X6_Y7_N9  ; 8       ; Output enable              ; no     ; --                   ; --               ;
; PIO_Interface:pio|Equal0~61            ; LC_X6_Y7_N7  ; 8       ; Clock enable               ; no     ; --                   ; --               ;
; PIO_Interface:pio|Equal10~32           ; LC_X6_Y6_N8  ; 8       ; Clock enable               ; no     ; --                   ; --               ;
; PIO_Interface:pio|Equal1~28            ; LC_X6_Y7_N3  ; 8       ; Clock enable               ; no     ; --                   ; --               ;
; PIO_Interface:pio|Equal2~27            ; LC_X6_Y7_N2  ; 8       ; Clock enable               ; no     ; --                   ; --               ;
; PIO_Interface:pio|Equal3~27            ; LC_X6_Y7_N6  ; 8       ; Clock enable               ; no     ; --                   ; --               ;
; PIO_Interface:pio|FR_Load              ; LC_X5_Y6_N4  ; 12      ; Clock enable               ; no     ; --                   ; --               ;
; PIO_Interface:pio|SL_Load              ; LC_X5_Y7_N0  ; 20      ; Clock enable               ; no     ; --                   ; --               ;
; PIO_Reset                              ; PIN_11       ; 292     ; Async. clear, Clock enable ; no     ; --                   ; --               ;
; PIO_nEnable                            ; PIN_12       ; 85      ; Clock enable               ; no     ; --                   ; --               ;
; PIO_nWR                                ; PIN_13       ; 42      ; Clock                      ; yes    ; Global Clock         ; GCLK3            ;
; Sync_Len:synco|Equal1~197              ; LC_X3_Y4_N4  ; 21      ; Sync. load                 ; no     ; --                   ; --               ;
; Sync_Len:synco|dwncnt~0                ; LC_X4_Y5_N0  ; 21      ; Clock enable               ; no     ; --                   ; --               ;
+----------------------------------------+--------------+---------+----------------------------+--------+----------------------+------------------+


+---------------------------------------------------------------------------------------+
; Global & Other Fast Signals                                                           ;
+--------------------+--------------+---------+----------------------+------------------+
; Name               ; Location     ; Fan-Out ; Global Resource Used ; Global Line Name ;
+--------------------+--------------+---------+----------------------+------------------+
; Clk100M            ; PIN_20       ; 9       ; Global Clock         ; GCLK1            ;
; ClkDiv:clkd|Clk25M ; LC_X10_Y3_N2 ; 213     ; Global Clock         ; GCLK0            ;
; ClkDiv:clkd|Clk5M  ; LC_X10_Y3_N4 ; 42      ; Global Clock         ; GCLK2            ;
; PIO_nWR            ; PIN_13       ; 42      ; Global Clock         ; GCLK3            ;
+--------------------+--------------+---------+----------------------+------------------+


+--------------------------------------------------+
; Non-Global High Fan-Out Signals                  ;
+----------------------------------------+---------+
; Name                                   ; Fan-Out ;
+----------------------------------------+---------+
; PIO_Reset                              ; 292     ;
; PIO_nEnable                            ; 85      ;
; Sync_Len:synco|isAddr_Zero             ; 51      ;
; ManchEncode:mancho|DV_Buf              ; 49      ;
; ManchEncode:mancho|Shift5Rdy           ; 42      ;
; ManchEncode:mancho|DV_Delayed          ; 41      ;
; ManchEncode:mancho|Shift5Load[32]~2277 ; 35      ;
; ManchEncode:mancho|DV_Cntr[19]~1495    ; 32      ;
; Sync_Len:synco|Equal1~197              ; 21      ;
; Sync_Len:synco|dwncnt~0                ; 21      ;
; PIO_Interface:pio|SL_Load              ; 20      ;
; FreeRun:freerun|dwncnt~20              ; 16      ;
; PIO_Interface:pio|FR_Load              ; 12      ;
; FreeRun:freerun|Equal0~109             ; 12      ;
; PIO_DAT~7                              ; 9       ;
; PIO_DAT~6                              ; 8       ;
; PIO_DAT~5                              ; 8       ;
; PIO_Interface:pio|Equal3~27            ; 8       ;
; PIO_Interface:pio|Equal2~27            ; 8       ;
; PIO_Interface:pio|Equal1~28            ; 8       ;
; PIO_Interface:pio|Equal0~61            ; 8       ;
; PIO_Interface:pio|AuxInGet~0           ; 8       ;
; PIO_Interface:pio|Equal10~32           ; 8       ;
; ManchEncode:mancho|stout[2]~545        ; 7       ;
; PIO_Interface:pio|AddrReg[0]           ; 7       ;
; PIO_DAT~4                              ; 6       ;
; PIO_DAT~3                              ; 6       ;
; PIO_DAT~2                              ; 6       ;
; PIO_DAT~1                              ; 6       ;
; PIO_DAT~0                              ; 6       ;
; ManchEncode:mancho|DV_Cntr[0]~1526     ; 5       ;
; ManchEncode:mancho|DV_Cntr[5]~1521     ; 5       ;
; ManchEncode:mancho|DV_Cntr[10]~1516    ; 5       ;
; ManchEncode:mancho|DV_Cntr[15]~1511    ; 5       ;
; ManchEncode:mancho|DV_Cntr[20]~1506    ; 5       ;
; ManchEncode:mancho|DV_Cntr[25]~1501    ; 5       ;
; ClkDiv:clkd|LessThan0~65               ; 5       ;
; FreeRun:freerun|FRCntr[5]~149          ; 5       ;
; FreeRun:freerun|FRCntr[0]~144          ; 5       ;
; Sync_Len:synco|SLCntr[14]~850          ; 5       ;
; Sync_Len:synco|SLCntr[9]~845           ; 5       ;
; Sync_Len:synco|SLCntr[4]~838           ; 5       ;
; PIO_Interface:pio|AddrReg[1]           ; 5       ;
; ManchEncode:mancho|sDV_Err             ; 5       ;
; PIO_Interface:pio|ModeReg[0]           ; 5       ;
; ~GND                                   ; 4       ;
; PIO_Interface:pio|Equal0~60            ; 4       ;
; ManchEncode:mancho|Shift5Load[32]      ; 4       ;
; PIO_Interface:pio|AddrReg[5]           ; 4       ;
; ManchEncode:mancho|DV_Cntr[0]          ; 3       ;
+----------------------------------------+---------+


+---------------------------------------------------+
; Interconnect Usage Summary                        ;
+----------------------------+----------------------+
; Interconnect Resource Type ; Usage                ;
+----------------------------+----------------------+
; C4s                        ; 216 / 1,624 ( 13 % ) ;
; Direct links               ; 58 / 1,930 ( 3 % )   ;
; Global clocks              ; 4 / 4 ( 100 % )      ;
; LAB clocks                 ; 25 / 56 ( 45 % )     ;
; LUT chains                 ; 9 / 513 ( 2 % )      ;
; Local interconnects        ; 457 / 1,930 ( 24 % ) ;
; R4s                        ; 289 / 1,472 ( 20 % ) ;
+----------------------------+----------------------+


+---------------------------------------------------------------------------+
; LAB Logic Elements                                                        ;
+--------------------------------------------+------------------------------+
; Number of Logic Elements  (Average = 8.46) ; Number of LABs  (Total = 41) ;
+--------------------------------------------+------------------------------+
; 1                                          ; 2                            ;
; 2                                          ; 0                            ;
; 3                                          ; 1                            ;
; 4                                          ; 0                            ;
; 5                                          ; 2                            ;
; 6                                          ; 2                            ;
; 7                                          ; 4                            ;
; 8                                          ; 2                            ;
; 9                                          ; 4                            ;
; 10                                         ; 24                           ;
+--------------------------------------------+------------------------------+


+-------------------------------------------------------------------+
; LAB-wide Signals                                                  ;
+------------------------------------+------------------------------+
; LAB-wide Signals  (Average = 2.61) ; Number of LABs  (Total = 41) ;
+------------------------------------+------------------------------+
; 1 Async. clear                     ; 36                           ;
; 1 Clock                            ; 29                           ;
; 1 Clock enable                     ; 10                           ;
; 1 Sync. load                       ; 7                            ;
; 2 Clock enables                    ; 16                           ;
; 2 Clocks                           ; 9                            ;
+------------------------------------+------------------------------+


+----------------------------------------------------------------------------+
; LAB Signals Sourced                                                        ;
+---------------------------------------------+------------------------------+
; Number of Signals Sourced  (Average = 8.83) ; Number of LABs  (Total = 41) ;
+---------------------------------------------+------------------------------+
; 0                                           ; 0                            ;
; 1                                           ; 2                            ;
; 2                                           ; 0                            ;
; 3                                           ; 1                            ;
; 4                                           ; 0                            ;
; 5                                           ; 2                            ;
; 6                                           ; 2                            ;
; 7                                           ; 4                            ;
; 8                                           ; 2                            ;
; 9                                           ; 3                            ;
; 10                                          ; 19                           ;
; 11                                          ; 3                            ;
; 12                                          ; 0                            ;
; 13                                          ; 1                            ;
; 14                                          ; 2                            ;
+---------------------------------------------+------------------------------+


+--------------------------------------------------------------------------------+
; LAB Signals Sourced Out                                                        ;
+-------------------------------------------------+------------------------------+
; Number of Signals Sourced Out  (Average = 5.15) ; Number of LABs  (Total = 41) ;
+-------------------------------------------------+------------------------------+
; 0                                               ; 0                            ;
; 1                                               ; 10                           ;
; 2                                               ; 2                            ;
; 3                                               ; 6                            ;
; 4                                               ; 4                            ;
; 5                                               ; 3                            ;
; 6                                               ; 1                            ;
; 7                                               ; 1                            ;
; 8                                               ; 1                            ;
; 9                                               ; 4                            ;
; 10                                              ; 8                            ;
; 11                                              ; 1                            ;
+-------------------------------------------------+------------------------------+


+-----------------------------------------------------------------------------+
; LAB Distinct Inputs                                                         ;
+----------------------------------------------+------------------------------+
; Number of Distinct Inputs  (Average = 10.93) ; Number of LABs  (Total = 41) ;
+----------------------------------------------+------------------------------+
; 0                                            ; 0                            ;
; 1                                            ; 2                            ;
; 2                                            ; 0                            ;
; 3                                            ; 0                            ;
; 4                                            ; 1                            ;
; 5                                            ; 1                            ;
; 6                                            ; 2                            ;
; 7                                            ; 1                            ;
; 8                                            ; 2                            ;
; 9                                            ; 1                            ;
; 10                                           ; 3                            ;
; 11                                           ; 4                            ;
; 12                                           ; 6                            ;
; 13                                           ; 7                            ;
; 14                                           ; 2                            ;
; 15                                           ; 6                            ;
; 16                                           ; 0                            ;
; 17                                           ; 0                            ;
; 18                                           ; 1                            ;
; 19                                           ; 0                            ;
; 20                                           ; 1                            ;
+----------------------------------------------+------------------------------+


+-------------------------------------------------------------------------+
; Fitter Device Options                                                   ;
+----------------------------------------------+--------------------------+
; Option                                       ; Setting                  ;
+----------------------------------------------+--------------------------+
; Enable user-supplied start-up clock (CLKUSR) ; Off                      ;
; Enable device-wide reset (DEV_CLRn)          ; Off                      ;
; Enable device-wide output enable (DEV_OE)    ; Off                      ;
; Enable INIT_DONE output                      ; Off                      ;
; Configuration scheme                         ; Passive Serial           ;
; Reserve all unused pins                      ; As output driving ground ;
; Base pin-out file on sameframe device        ; Off                      ;
+----------------------------------------------+--------------------------+


+-----------------+
; Fitter Messages ;
+-----------------+
Info: *******************************************************************
Info: Running Quartus II Fitter
    Info: Version 6.1 Build 201 11/27/2006 SJ Full Version
    Info: Processing started: Thu Nov 01 16:51:46 2007
Info: Command: quartus_fit --read_settings_files=off --write_settings_files=off Synco -c Synco
Info: Selected device EPM570T144C3 for design "Synco"
Info: Fitter is performing a Standard Fit compilation using maximum Fitter effort to optimize design performance
Info: Device migration not selected. If you intend to use device migration later, you may need to change the pin assignments as they may be incompatible with other devices
    Info: Device EPM1270T144C3 is compatible
Info: Fitter is using the Classic Timing Analyzer
Info: Detected fmax, tsu, tco, and/or tpd requirements -- optimizing circuit to achieve only the specified requirements
Info: Completed User Assigned Global Signals Promotion Operation
Info: Automatically promoted signal "Clk100M" to use Global clock in PIN 20
Info: Automatically promoted some destinations of signal "ClkDiv:clkd|Clk25M" to use Global clock
    Info: Destination "TestOut1[1]" may be non-global or may not use global clock
    Info: Destination "Manch_Clk" may be non-global or may not use global clock
    Info: Destination "ManchEncode:mancho|ManchOut1" may be non-global or may not use global clock
Info: Automatically promoted some destinations of signal "ClkDiv:clkd|Clk5M" to use Global clock
    Info: Destination "DV_OUT_SPR1" may be non-global or may not use global clock
Info: Automatically promoted some destinations of signal "PIO_nWR" to use Global clock
    Info: Destination "PIO_Interface:pio|rPIO_nWR" may be non-global or may not use global clock
Info: Pin "PIO_nWR" drives global clock, but is not placed in a dedicated clock pin position
Info: Completed Auto Global Promotion Operation
Info: Starting register packing
Info: Fitter is using Normal packing mode for logic elements with Auto setting for Auto Packed Registers logic option
Info: Started processing fast register assignments
Info: Finished processing fast register assignments
Info: Finished register packing: elapsed time is 00:00:00
Info: Fitter placement preparation operations beginning
Info: Fitter placement preparation operations ending: elapsed time is 00:00:02
Info: Fitter placement operations beginning
Info: Fitter placement was successful
Info: Fitter placement operations ending: elapsed time is 00:00:02
Info: Estimated most critical path is register to register delay of 1.300 ns
    Info: 1: + IC(0.000 ns) + CELL(0.000 ns) = 0.000 ns; Loc. = LAB_X11_Y3; Fanout = 3; REG Node = 'ManchEncode:mancho|ShiftBits[39]'
    Info: 2: + IC(0.637 ns) + CELL(0.663 ns) = 1.300 ns; Loc. = LAB_X10_Y3; Fanout = 2; REG Node = 'ManchEncode:mancho|ManchOut1'
    Info: Total cell delay = 0.663 ns ( 51.00 % )
    Info: Total interconnect delay = 0.637 ns ( 49.00 % )
Info: Fitter routing operations beginning
Info: Average interconnect usage is 18% of the available device resources. Peak interconnect usage is 18%
    Info: The peak interconnect region extends from location X0_Y0 to location X13_Y8
Info: Fitter routing operations ending: elapsed time is 00:00:01
Warning: Following 10 pins have nothing, GND, or VCC driving datain port -- changes to this connectivity may change fitting results
    Info: Pin PIO_INT0 has VCC driving its datain port
    Info: Pin PIO_INT1 has VCC driving its datain port
    Info: Pin PIO_T0 has VCC driving its datain port
    Info: Pin PIO_T1 has VCC driving its datain port
    Info: Pin LED2 has GND driving its datain port
    Info: Pin LED3 has GND driving its datain port
    Info: Pin XX1 has GND driving its datain port
    Info: Pin XX2 has GND driving its datain port
    Info: Pin XX3 has GND driving its datain port
    Info: Pin XX4 has GND driving its datain port
Info: Following groups of pins have the same output enable
    Info: Following pins have the same output enable: PIO_Interface:pio|AuxInGet~0
        Info: Type bidirectional pin PIO_DAT[7] uses the 3.3-V LVTTL I/O standard
        Info: Type bidirectional pin PIO_DAT[5] uses the 3.3-V LVTTL I/O standard
        Info: Type bidirectional pin PIO_DAT[3] uses the 3.3-V LVTTL I/O standard
        Info: Type bidirectional pin PIO_DAT[1] uses the 3.3-V LVTTL I/O standard
        Info: Type bidirectional pin PIO_DAT[6] uses the 3.3-V LVTTL I/O standard
        Info: Type bidirectional pin PIO_DAT[4] uses the 3.3-V LVTTL I/O standard
        Info: Type bidirectional pin PIO_DAT[2] uses the 3.3-V LVTTL I/O standard
        Info: Type bidirectional pin PIO_DAT[0] uses the 3.3-V LVTTL I/O standard
Warning: The Reserve All Unused Pins setting has not been specified, and will default to 'As output driving ground'.
Info: Quartus II Fitter was successful. 0 errors, 2 warnings
    Info: Allocated 156 megabytes of memory during processing
    Info: Processing ended: Thu Nov 01 16:51:52 2007
    Info: Elapsed time: 00:00:06


+----------------------------+
; Fitter Suppressed Messages ;
+----------------------------+
The suppressed messages can be found in C:/scuba2_repository/sync_box/fpga_code/Synco.fit.smsg.


