--------------------------------------------------------------------------------------
Timing Analyzer Summary
--------------------------------------------------------------------------------------

Type           : Worst-case tsu
Slack          : N/A
Required Time  : None
Actual Time    : 4.470 ns
From           : PIO_DAT[3]
To             : Sync_Len:synco|SL_LoadReg[16]
From Clock     : --
To Clock       : Clk100M
Failed Paths   : 0

Type           : Worst-case tco
Slack          : N/A
Required Time  : None
Actual Time    : 10.552 ns
From           : ManchEncode:mancho|reg[2]
To             : TestOut1[2]
From Clock     : Clk100M
To Clock       : --
Failed Paths   : 0

Type           : Worst-case tpd
Slack          : N/A
Required Time  : None
Actual Time    : 6.227 ns
From           : PIO_nRD
To             : PIO_DAT[0]
From Clock     : --
To Clock       : --
Failed Paths   : 0

Type           : Worst-case th
Slack          : N/A
Required Time  : None
Actual Time    : 2.537 ns
From           : PIO_nWR
To             : PIO_Interface:pio|rPIO_nWR
From Clock     : --
To Clock       : Clk100M
Failed Paths   : 0

Type           : Clock Setup: 'Clk100M'
Slack          : 2.129 ns
Required Time  : 100.00 MHz ( period = 10.000 ns )
Actual Time    : 174.16 MHz ( period = 5.742 ns )
From           : ManchEncode:mancho|ShiftBits[39]
To             : ManchEncode:mancho|ManchOut1
From Clock     : Clk100M
To Clock       : Clk100M
Failed Paths   : 0

Type           : Clock Setup: 'PIO_nWR'
Slack          : 8.265 ns
Required Time  : 100.00 MHz ( period = 10.000 ns )
Actual Time    : Restricted to 304.04 MHz ( period = 3.289 ns )
From           : PIO_Interface:pio|ModeReg[0]
To             : PIO_Interface:pio|ModeReg[0]
From Clock     : PIO_nWR
To Clock       : PIO_nWR
Failed Paths   : 0

Type           : Clock Hold: 'Clk100M'
Slack          : 0.886 ns
Required Time  : 100.00 MHz ( period = 10.000 ns )
Actual Time    : N/A
From           : ManchEncode:mancho|rrDV_RTS
To             : ManchEncode:mancho|reg[9]
From Clock     : Clk100M
To Clock       : Clk100M
Failed Paths   : 0

Type           : Clock Hold: 'PIO_nWR'
Slack          : 1.389 ns
Required Time  : 100.00 MHz ( period = 10.000 ns )
Actual Time    : N/A
From           : PIO_Interface:pio|ModeReg[0]
To             : PIO_Interface:pio|ModeReg[0]
From Clock     : PIO_nWR
To Clock       : PIO_nWR
Failed Paths   : 0

Type           : Total number of failed paths
Slack          : 
Required Time  : 
Actual Time    : 
From           : 
To             : 
From Clock     : 
To Clock       : 
Failed Paths   : 0

--------------------------------------------------------------------------------------

